IMPLEMENTATION_SHA 9fa2ce37149909687ef5be2e08aa2b32a5887903
ARGV_AUDIT <SERVER_PYTHON>/envs/py38/bin/python3.10 -
test_CPU_device_route_rejects_cuda_and_unbounded_resources_without_GPU_query (test_source_prep.PreparationTests) ... ok
test_budget_phases_full_counts_no_silent_truncation (test_source_prep.PreparationTests) ... ok
test_default_entry_refuses_without_receipt (test_source_prep.PreparationTests) ... ok
test_disabled_wrong_scope_and_old_review_reject_before_assets (test_source_prep.PreparationTests) ... ok
test_file_digest_mismatch_rejects_before_decode (test_source_prep.PreparationTests) ... ok
test_metadata_split_freezes_before_decode_and_preserves_existing (test_source_prep.PreparationTests) ... ok
test_output_budget_preserves_first_evidence_and_no_overwrite (test_source_prep.PreparationTests) ... ok
test_output_source_overlap_and_memory_overflow_rejected (test_source_prep.PreparationTests) ... ok
test_overlap_minimum_duplicate_and_filename_group_rejected (test_source_prep.PreparationTests) ... ok
test_preflight_real_synthetic_metadata_and_wrong_code_science_resource_hash (test_source_prep.PreparationTests) ... ok
test_same_byte_decode_real_reader_on_synthetic_PNG_and_source_after_check (test_source_prep.PreparationTests) ... ok
test_six_artifact_release_and_independent_expected_loader (test_source_prep.PreparationTests) ... ok
test_source_path_escape_and_symlink_hardlink_rejected (test_source_prep.PreparationTests) ... ok
test_supervisor_CPU_success_failure_timeout_cleanup (test_source_prep.PreparationTests) ... ok
test_synthetic_checkpoint_CPU_load_and_wrong_state_reject (test_source_prep.PreparationTests) ... ok
test_target_overlap_and_bad_domain_rejected (test_source_prep.PreparationTests) ... ok
test_worker_failure_after_check_failure_are_separate_no_retry (test_source_prep.PreparationTests) ... SOURCE_PREP_CPU_RESULT {"tests": 17, "failures": 0, "errors": 0, "skipped": 0, "exit_code": 0, "wall_seconds": 1.9356326831039041, "cpu_user_seconds": 1.006911, "cpu_system_seconds": 0.28986000000000006, "peak_RSS": 399192, "peak_RSS_unit": "KiB", "python": "3.10.6", "torch": "2.2.1+cu121", "physical_calls": {"backward": 0, "VJP": 0, "Adam": 0, "AdamW": 0, "synthetic_checkpoint_loads": 5, "synthetic_image_mask_decodes": 2}, "procedural_counts": {"backbone_forwards": 2, "appearance_MLP": 1, "method_MLP": 2, "spectral_norms": 3, "ISTA_iterations": 5}, "hash_cost": {"tensor_digest_calls": 28, "tensor_bytes": 5634160, "wall_ns": 15243148, "cpu_ns": 25270002, "context_build_calls": 14, "context_wall_ns": 59910089, "context_cpu_ns": 65118159}, "real_RGB_mask_decodes": 0, "real_checkpoint_deserializations": 0, "GPU_queries_or_initializations": 0, "real_source_training": false, "source_execution_layer_review": "NOT_RUN"}
ok

----------------------------------------------------------------------
Ran 17 tests in 1.802s

OK
