test_all_modes_zero_initialization_exact_and_rng_unchanged (test_r4t_kernel.MathChecks.test_all_modes_zero_initialization_exact_and_rng_unchanged) ... ok
test_cayley_orthogonality_and_identity_derivative (test_r4t_kernel.MathChecks.test_cayley_orthogonality_and_identity_derivative) ... ok
test_dc_decomposition (test_r4t_kernel.MathChecks.test_dc_decomposition) ... ok
test_free_preserves_detail_not_angular_structure (test_r4t_kernel.MathChecks.test_free_preserves_detail_not_angular_structure) ... ok
test_gradients_finite_difference (test_r4t_kernel.MathChecks.test_gradients_finite_difference) ... ok
test_kall_changes_detail_preserves_full_filter_angles (test_r4t_kernel.MathChecks.test_kall_changes_detail_preserves_full_filter_angles) ... ok
test_kdg_preserves_detail_and_dc_angles (test_r4t_kernel.MathChecks.test_kdg_preserves_detail_and_dc_angles) ... ok
test_local_zero_mean_perturbation_response (test_r4t_kernel.MathChecks.test_local_zero_mean_perturbation_response) ... ok
test_matrix_and_smoke_budgets (test_r4t_kernel.MathChecks.test_matrix_and_smoke_budgets) ... ok
test_original_weights_immutable_after_adam (test_r4t_kernel.MathChecks.test_original_weights_immutable_after_adam) ... ok
test_pinned_parameter_budgets (test_r4t_kernel.MathChecks.test_pinned_parameter_budgets) ... ok
test_zero_dc_rows_finite_and_cannot_invent_signal (test_r4t_kernel.MathChecks.test_zero_dc_rows_finite_and_cannot_invent_signal) ... ok
test_01_full_grid_edge_count (test_r4t_graph.BoundaryGraphTests.test_01_full_grid_edge_count) ... ok
test_02_no_artificial_contour_on_uniform_mask (test_r4t_graph.BoundaryGraphTests.test_02_no_artificial_contour_on_uniform_mask) ... ok
test_03_anchors_need_confidence_and_six_view_agreement (test_r4t_graph.BoundaryGraphTests.test_03_anchors_need_confidence_and_six_view_agreement) ... ok
test_04_control_weight_sums_multisets_and_rng (test_r4t_graph.BoundaryGraphTests.test_04_control_weight_sums_multisets_and_rng) ... ok
test_05_dense_system_equivalence_and_anchor_identity (test_r4t_graph.BoundaryGraphTests.test_05_dense_system_equivalence_and_anchor_identity) ... ok
test_06_probability_range_contraction_and_residual (test_r4t_graph.BoundaryGraphTests.test_06_probability_range_contraction_and_residual) ... ok
test_07_lambda_zero_and_empty_free_exact_identity (test_r4t_graph.BoundaryGraphTests.test_07_lambda_zero_and_empty_free_exact_identity) ... ok
test_08_lifted_support_and_reliable_nodes_exact (test_r4t_graph.BoundaryGraphTests.test_08_lifted_support_and_reliable_nodes_exact) ... ok
test_09_unchanged_inputs_and_detached_output (test_r4t_graph.BoundaryGraphTests.test_09_unchanged_inputs_and_detached_output) ... ok
test_10_global_free_superset_and_three_local_controls_share_masks (test_r4t_graph.BoundaryGraphTests.test_10_global_free_superset_and_three_local_controls_share_masks) ... ok
test_11_uniform_confident_q_returns_original (test_r4t_graph.BoundaryGraphTests.test_11_uniform_confident_q_returns_original) ... ok
test_12_uniform_ambiguous_q_is_well_defined (test_r4t_graph.BoundaryGraphTests.test_12_uniform_ambiguous_q_is_well_defined) ... ok
test_13_rgb_contrast_reduces_cross_edge_weight (test_r4t_graph.BoundaryGraphTests.test_13_rgb_contrast_reduces_cross_edge_weight) ... ok
test_14_invalid_inputs_rejected (test_r4t_graph.BoundaryGraphTests.test_14_invalid_inputs_rejected) ... ok
test_15_full_production_shape_without_network (test_r4t_graph.BoundaryGraphTests.test_15_full_production_shape_without_network) ... ok
test_auxiliary_known_flips_Brier_and_no_feedback (test_r4t_host.HostTests.test_auxiliary_known_flips_Brier_and_no_feedback) ... ok
test_baseline_RP_exact_parity_and_actual_selection (test_r4t_host.HostTests.test_baseline_RP_exact_parity_and_actual_selection) ... ok
test_full_model_actual_32_updates_cpu_smoke (test_r4t_host.HostTests.test_full_model_actual_32_updates_cpu_smoke) ... ok
test_graph_integrated_all_modes_and_empty_band (test_r4t_host.HostTests.test_graph_integrated_all_modes_and_empty_band) ... ok
test_mask_read_after_commit_and_payload_release (test_r4t_host.HostTests.test_mask_read_after_commit_and_payload_release) ... ok
test_teacher_first_step_parity_EMA_timing_and_frozen_teacher (test_r4t_host.HostTests.test_teacher_first_step_parity_EMA_timing_and_frozen_teacher) ... ok

----------------------------------------------------------------------
Ran 33 tests in 78.313s

OK
FULL_MODEL_CPU {"physical": {"network_forwards": 260, "loss_backward_calls": 32, "jacobian_vjp_calls": 0, "adam_calls": 32, "actual_parameter_replacements": 0}, "backend": {"seed": 20260907, "deterministic_algorithms": false, "warn_only": false, "cublas_workspace_config": null}, "comparison": {"deterministic_algorithms": true, "warn_only": false, "cublas_workspace_config": null}}
{
  "tests": 33,
  "failures": 0,
  "errors": 0,
  "skipped": 0,
  "seconds": 78.33196279080585,
  "python": "3.12.9",
  "torch": "2.6.0",
  "cuda_initialized": false,
  "real_target_RGB_reads": 0,
  "real_target_mask_reads": 0,
  "registered_checkpoint_reads": 0,
  "procedural_IO_fixtures": false,
  "source_data_reads": 0,
  "inputs": "procedural CPU tensors; random model weights",
  "exit_code": 0
}
