test_descriptor_is_derived_not_parameter (test_atlas_and_proximal.AnchorTests.test_descriptor_is_derived_not_parameter) ... ok
test_descriptor_uses_synthetic_tensors (test_atlas_and_proximal.AnchorTests.test_descriptor_uses_synthetic_tensors) ... ok
test_invalid_spatial_shapes_rejected (test_atlas_and_proximal.AnchorTests.test_invalid_spatial_shapes_rejected) ... ok
test_precision_strictly_exceeds_floor (test_atlas_and_proximal.AnchorTests.test_precision_strictly_exceeds_floor) ... ok
test_synthetic_image_range (test_atlas_and_proximal.AnchorTests.test_synthetic_image_range) ... ok
test_synthetic_mask_range (test_atlas_and_proximal.AnchorTests.test_synthetic_mask_range) ... ok
test_all_anchor_fields_receive_gradient (test_atlas_and_proximal.AtlasTests.test_all_anchor_fields_receive_gradient) ... ok
test_anchor_permutation_invariance (test_atlas_and_proximal.AtlasTests.test_anchor_permutation_invariance) ... ok
test_empty_atlas_rejected (test_atlas_and_proximal.AtlasTests.test_empty_atlas_rejected) ... ok
test_local_chart_uses_unscaled_descriptor_delta (test_atlas_and_proximal.AtlasTests.test_local_chart_uses_unscaled_descriptor_delta) ... ok
test_local_map_affects_rhs (test_atlas_and_proximal.AtlasTests.test_local_map_affects_rhs) ... ok
test_nearest_anchor_gets_larger_weight (test_atlas_and_proximal.AtlasTests.test_nearest_anchor_gets_larger_weight) ... ok
test_nonpositive_temperature_rejected (test_atlas_and_proximal.AtlasTests.test_nonpositive_temperature_rejected) ... ok
test_precision_and_rhs_shapes (test_atlas_and_proximal.AtlasTests.test_precision_and_rhs_shapes) ... ok
test_weights_are_finite (test_atlas_and_proximal.AtlasTests.test_weights_are_finite) ... ok
test_weights_nonnegative (test_atlas_and_proximal.AtlasTests.test_weights_nonnegative) ... ok
test_weights_sum_to_one (test_atlas_and_proximal.AtlasTests.test_weights_sum_to_one) ... ok
test_closed_form_value (test_atlas_and_proximal.ProximalTests.test_closed_form_value) ... ok
test_contraction_bound_formula (test_atlas_and_proximal.ProximalTests.test_contraction_bound_formula) ... ok
test_contraction_inequality (test_atlas_and_proximal.ProximalTests.test_contraction_inequality) ... ok
test_first_order_condition (test_atlas_and_proximal.ProximalTests.test_first_order_condition) ... ok
test_larger_lambda_stays_closer_to_history (test_atlas_and_proximal.ProximalTests.test_larger_lambda_stays_closer_to_history) ... ok
test_matches_direct_diagonal_solve (test_atlas_and_proximal.ProximalTests.test_matches_direct_diagonal_solve) ... ok
test_nonpositive_lambda_rejected (test_atlas_and_proximal.ProximalTests.test_nonpositive_lambda_rejected) ... ok
test_precision_below_claimed_floor_rejected (test_atlas_and_proximal.ProximalTests.test_precision_below_claimed_floor_rejected) ... ok
test_result_preserves_atlas_fields (test_atlas_and_proximal.ProximalTests.test_result_preserves_atlas_fields) ... ok
test_shape_mismatch_rejected (test_atlas_and_proximal.ProximalTests.test_shape_mismatch_rejected) ... ok
test_default_latent_dimension (test_config_and_hooks.ConfigTests.test_default_latent_dimension) ... ok
test_fundus_class_count (test_config_and_hooks.ConfigTests.test_fundus_class_count) ... ok
test_fundus_descriptor_dimension (test_config_and_hooks.ConfigTests.test_fundus_descriptor_dimension) ... ok
test_invalid_task_rejected (test_config_and_hooks.ConfigTests.test_invalid_task_rejected) ... ok
test_json_round_trip (test_config_and_hooks.ConfigTests.test_json_round_trip) ... ok
test_non_v0_latent_dimension_rejected (test_config_and_hooks.ConfigTests.test_non_v0_latent_dimension_rejected) ... ok
test_nonpositive_scalars_rejected (test_config_and_hooks.ConfigTests.test_nonpositive_scalars_rejected) ... ok
test_polyp_class_count (test_config_and_hooks.ConfigTests.test_polyp_class_count) ... ok
test_polyp_descriptor_dimension (test_config_and_hooks.ConfigTests.test_polyp_descriptor_dimension) ... ok
test_repository_method_config_is_valid (test_config_and_hooks.ConfigTests.test_repository_method_config_is_valid) ... ok
test_unknown_json_key_rejected (test_config_and_hooks.ConfigTests.test_unknown_json_key_rejected) ... ok
test_capture_hook_removed (test_config_and_hooks.HookTests.test_capture_hook_removed) ... ok
test_capture_hook_removed_after_exception (test_config_and_hooks.HookTests.test_capture_hook_removed_after_exception) ... ok
test_capture_named_output (test_config_and_hooks.HookTests.test_capture_named_output) ... ok
test_directional_jvp_is_finite (test_config_and_hooks.HookTests.test_directional_jvp_is_finite) ... ok
test_directional_jvp_is_nonzero (test_config_and_hooks.HookTests.test_directional_jvp_is_nonzero) ... ok
test_enumeration_keeps_execution_order (test_config_and_hooks.HookTests.test_enumeration_keeps_execution_order) ... ok
test_enumeration_records_only_4d_tensors (test_config_and_hooks.HookTests.test_enumeration_records_only_4d_tensors) ... ok
test_unknown_capture_path_rejected (test_config_and_hooks.HookTests.test_unknown_capture_path_rejected) ... ok
test_area_increases_with_soft_mass (test_descriptors.DescriptorTests.test_area_increases_with_soft_mass) ... ok
test_centroid_tracks_horizontal_shift (test_descriptors.DescriptorTests.test_centroid_tracks_horizontal_shift) ... ok
test_constant_mask_has_zero_boundary (test_descriptors.DescriptorTests.test_constant_mask_has_zero_boundary) ... ok
test_descriptor_is_finite (test_descriptors.DescriptorTests.test_descriptor_is_finite) ... ok
test_descriptor_signature_has_no_history_state (test_descriptors.DescriptorTests.test_descriptor_signature_has_no_history_state) ... ok
test_fixed_projection_is_not_parameter (test_descriptors.DescriptorTests.test_fixed_projection_is_not_parameter) ... ok
test_fundus_nesting_penalizes_cup_outside_disc (test_descriptors.DescriptorTests.test_fundus_nesting_penalizes_cup_outside_disc) ... ok
test_fundus_output_dimension (test_descriptors.DescriptorTests.test_fundus_output_dimension) ... ok
test_fundus_ratio_uses_cup_over_disc (test_descriptors.DescriptorTests.test_fundus_ratio_uses_cup_over_disc) ... ok
test_image_mask_feature_gradients_are_connected (test_descriptors.DescriptorTests.test_image_mask_feature_gradients_are_connected) ... ok
test_polyp_compactness_is_nonnegative (test_descriptors.DescriptorTests.test_polyp_compactness_is_nonnegative) ... ok
test_polyp_output_dimension (test_descriptors.DescriptorTests.test_polyp_output_dimension) ... ok
test_wrong_feature_channels_rejected (test_descriptors.DescriptorTests.test_wrong_feature_channels_rejected) ... ok
test_wrong_image_channels_rejected (test_descriptors.DescriptorTests.test_wrong_image_channels_rejected) ... ok
test_wrong_mask_classes_rejected (test_descriptors.DescriptorTests.test_wrong_mask_classes_rejected) ... ok
test_default_scaler_is_identity (test_descriptors.ScalerTests.test_default_scaler_is_identity) ... ok
test_nonpositive_scale_rejected (test_descriptors.ScalerTests.test_nonpositive_scale_rejected) ... ok
test_statistics_mark_fitted (test_descriptors.ScalerTests.test_statistics_mark_fitted) ... ok
test_statistics_transform (test_descriptors.ScalerTests.test_statistics_transform) ... ok
test_wrong_descriptor_dimension_rejected (test_descriptors.ScalerTests.test_wrong_descriptor_dimension_rejected) ... ok
test_dense_feature_gradient_connected (test_losses_and_offline.LossTests.test_dense_feature_gradient_connected) ... ok
test_dense_feature_loss_is_scalar (test_losses_and_offline.LossTests.test_dense_feature_loss_is_scalar) ... ok
test_dense_feature_loss_zero_for_equal_features (test_losses_and_offline.LossTests.test_dense_feature_loss_zero_for_equal_features) ... ok
test_distillation_loss_combines_four_terms (test_losses_and_offline.LossTests.test_distillation_loss_combines_four_terms) ... ok
test_good_segmentation_has_lower_loss (test_losses_and_offline.LossTests.test_good_segmentation_has_lower_loss) ... ok
test_increment_loss_ignores_common_offset (test_losses_and_offline.LossTests.test_increment_loss_ignores_common_offset) ... ok
test_increment_loss_zero_for_matching_trajectories (test_losses_and_offline.LossTests.test_increment_loss_zero_for_matching_trajectories) ... ok
test_segmentation_shape_mismatch_rejected (test_losses_and_offline.LossTests.test_segmentation_shape_mismatch_rejected) ... ok
test_single_state_trajectory_rejected (test_losses_and_offline.LossTests.test_single_state_trajectory_rejected) ... ok
test_state_matching_positive_for_different_states (test_losses_and_offline.LossTests.test_state_matching_positive_for_different_states) ... ok
test_state_matching_zero_for_equal_states (test_losses_and_offline.LossTests.test_state_matching_zero_for_equal_states) ... ok
test_state_shape_mismatch_rejected (test_losses_and_offline.LossTests.test_state_shape_mismatch_rejected) ... ok
test_worst_class_loss_is_scalar (test_losses_and_offline.LossTests.test_worst_class_loss_is_scalar) ... ok
test_oracle_rejects_missing_source_label (test_losses_and_offline.OfflineTests.test_oracle_rejects_missing_source_label) ... ok
test_oracle_requires_named_source_label (test_losses_and_offline.OfflineTests.test_oracle_requires_named_source_label) ... ok
test_oracle_returns_detached_state (test_losses_and_offline.OfflineTests.test_oracle_returns_detached_state) ... ok
test_oracle_source_base_gradients_remain_none (test_losses_and_offline.OfflineTests.test_oracle_source_base_gradients_remain_none) ... ok
test_trajectory_increment_rejects_short_input (test_losses_and_offline.OfflineTests.test_trajectory_increment_rejects_short_input) ... ok
test_trajectory_increment_values (test_losses_and_offline.OfflineTests.test_trajectory_increment_values) ... ok
test_batched_state_supported (test_manifold.LatentFiLMTests.test_batched_state_supported) ... ok
test_nonzero_state_changes_feature (test_manifold.LatentFiLMTests.test_nonzero_state_changes_feature) ... ok
test_single_state_broadcasts (test_manifold.LatentFiLMTests.test_single_state_broadcasts) ... ok
test_wrong_feature_channels_rejected (test_manifold.LatentFiLMTests.test_wrong_feature_channels_rejected) ... ok
test_wrong_state_batch_rejected (test_manifold.LatentFiLMTests.test_wrong_state_batch_rejected) ... ok
test_wrong_state_dimension_rejected (test_manifold.LatentFiLMTests.test_wrong_state_dimension_rejected) ... ok
test_zero_state_bitwise_identity (test_manifold.LatentFiLMTests.test_zero_state_bitwise_identity) ... ok
test_zero_state_with_gradient_is_differentiable (test_manifold.LatentFiLMTests.test_zero_state_with_gradient_is_differentiable) ... ok
test_zero_state_without_gradient_returns_same_tensor_object (test_manifold.LatentFiLMTests.test_zero_state_without_gradient_returns_same_tensor_object) ... ok
test_all_film_bases_receive_gradient (test_manifold.MultiScaleManifoldTests.test_all_film_bases_receive_gradient) ... ok
test_close_removes_hooks (test_manifold.MultiScaleManifoldTests.test_close_removes_hooks) ... ok
test_closed_wrapper_refuses_forward (test_manifold.MultiScaleManifoldTests.test_closed_wrapper_refuses_forward) ... ok
test_exception_resets_active_state (test_manifold.MultiScaleManifoldTests.test_exception_resets_active_state) ... ok
test_missing_module_rejected (test_manifold.MultiScaleManifoldTests.test_missing_module_rejected) ... ok
test_none_state_logits_bitwise_identity (test_manifold.MultiScaleManifoldTests.test_none_state_logits_bitwise_identity) ... ok
test_nonzero_state_changes_logits (test_manifold.MultiScaleManifoldTests.test_nonzero_state_changes_logits) ... ok
test_requires_exactly_three_points (test_manifold.MultiScaleManifoldTests.test_requires_exactly_three_points) ... ok
test_same_state_reaches_all_three_points (test_manifold.MultiScaleManifoldTests.test_same_state_reaches_all_three_points) ... ok
test_source_batchnorm_buffers_unchanged (test_manifold.MultiScaleManifoldTests.test_source_batchnorm_buffers_unchanged) ... ok
test_source_gradient_remains_none (test_manifold.MultiScaleManifoldTests.test_source_gradient_remains_none) ... ok
test_source_parameters_frozen (test_manifold.MultiScaleManifoldTests.test_source_parameters_frozen) ... ok
test_zero_state_logits_bitwise_identity (test_manifold.MultiScaleManifoldTests.test_zero_state_logits_bitwise_identity) ... ok
test_boundary_gradient_corrects_missed_inside_and_false_outside (test_medical_losses.MedicalLossTests.test_boundary_gradient_corrects_missed_inside_and_false_outside) ... ok
test_empty_full_retain_region_gradients_and_zero_boundary (test_medical_losses.MedicalLossTests.test_empty_full_retain_region_gradients_and_zero_boundary) ... ok
test_hand_reference_per_image_independent_channel (test_medical_losses.MedicalLossTests.test_hand_reference_per_image_independent_channel) ... ok
test_known_mask_and_distance_validation (test_medical_losses.MedicalLossTests.test_known_mask_and_distance_validation) ... ok
test_authorized_real_data_still_waits_for_review (test_online_contract.M0CommandTests.test_authorized_real_data_still_waits_for_review) ... ok
test_default_m0_is_dry_run (test_online_contract.M0CommandTests.test_default_m0_is_dry_run) ... ok
test_real_data_without_authorization_is_rejected (test_online_contract.M0CommandTests.test_real_data_without_authorization_is_rejected) ... ok
test_batch_larger_than_one_rejected (test_online_contract.OnlineContractTests.test_batch_larger_than_one_rejected) ... ok
test_batchnorm_buffers_do_not_change (test_online_contract.OnlineContractTests.test_batchnorm_buffers_do_not_change) ... ok
test_full_synthetic_distillation_gradient_connectivity (test_online_contract.OnlineContractTests.test_full_synthetic_distillation_gradient_connectivity) ... ok
test_import_online_does_not_load_oracle (test_online_contract.OnlineContractTests.test_import_online_does_not_load_oracle) ... ok
test_online_source_does_not_import_offline (test_online_contract.OnlineContractTests.test_online_source_does_not_import_offline) ... ok
test_online_source_has_no_forbidden_calls (test_online_contract.OnlineContractTests.test_online_source_has_no_forbidden_calls) ... ok
test_reset_zeros_state (test_online_contract.OnlineContractTests.test_reset_zeros_state) ... ok
test_same_state_and_input_replay (test_online_contract.OnlineContractTests.test_same_state_and_input_replay) ... ok
test_source_base_gradients_are_none (test_online_contract.OnlineContractTests.test_source_base_gradients_are_none) ... ok
test_state_dict_round_trip (test_online_contract.OnlineContractTests.test_state_dict_round_trip) ... ok
test_step_returns_all_contract_fields (test_online_contract.OnlineContractTests.test_step_returns_all_contract_fields) ... ok
test_step_signature_has_only_image_payload (test_online_contract.OnlineContractTests.test_step_signature_has_only_image_payload) ... ok
test_step_updates_only_latent_state (test_online_contract.OnlineContractTests.test_step_updates_only_latent_state) ... ok
test_configs_pin_reference_commit (test_real_integration.IntegrationConfigTests.test_configs_pin_reference_commit) ... ok
test_configs_record_cpu_only_discovery (test_real_integration.IntegrationConfigTests.test_configs_record_cpu_only_discovery) ... ok
test_configs_record_nonzero_jvps (test_real_integration.IntegrationConfigTests.test_configs_record_nonzero_jvps) ... ok
test_fundus_config_has_three_scales (test_real_integration.IntegrationConfigTests.test_fundus_config_has_three_scales) ... ok
test_polyp_config_has_three_scales (test_real_integration.IntegrationConfigTests.test_polyp_config_has_three_scales) ... ok
test_checkout_is_exact_pinned_commit (test_real_integration.ReferenceCheckoutTests.test_checkout_is_exact_pinned_commit) ... ok
test_data_and_metrics_interfaces_import_without_access (test_real_integration.ReferenceCheckoutTests.test_data_and_metrics_interfaces_import_without_access) ... ok
test_reference_model_code_is_not_vendored (test_real_integration.ReferenceCheckoutTests.test_reference_model_code_is_not_vendored) ... ok
test_all_three_logits_jvps_nonzero (test_real_integration.TestFundusResUNet34.test_all_three_logits_jvps_nonzero) ... ok
test_cuda_never_initialized (test_real_integration.TestFundusResUNet34.test_cuda_never_initialized) ... ok
test_full_cpu_forward_shape (test_real_integration.TestFundusResUNet34.test_full_cpu_forward_shape) ... ok
test_injection_hook_cleanup (test_real_integration.TestFundusResUNet34.test_injection_hook_cleanup) ... ok
test_nonzero_state_changes_logits (test_real_integration.TestFundusResUNet34.test_nonzero_state_changes_logits) ... ok
test_zero_state_bitwise_identity (test_real_integration.TestFundusResUNet34.test_zero_state_bitwise_identity) ... ok
test_all_three_logits_jvps_nonzero (test_real_integration.TestPolypPraNet.test_all_three_logits_jvps_nonzero) ... ok
test_cuda_never_initialized (test_real_integration.TestPolypPraNet.test_cuda_never_initialized) ... ok
test_full_cpu_forward_shape (test_real_integration.TestPolypPraNet.test_full_cpu_forward_shape) ... ok
test_injection_hook_cleanup (test_real_integration.TestPolypPraNet.test_injection_hook_cleanup) ... ok
test_nonzero_state_changes_logits (test_real_integration.TestPolypPraNet.test_nonzero_state_changes_logits) ... ok
test_zero_state_bitwise_identity (test_real_integration.TestPolypPraNet.test_zero_state_bitwise_identity) ... ok
test_dependency_dirty_bytes_rejected_even_with_index_skip (test_review_regressions.ReviewRegressionTests.test_dependency_dirty_bytes_rejected_even_with_index_skip) ... ok
test_deprecated_audit_cannot_generate_success (test_review_regressions.ReviewRegressionTests.test_deprecated_audit_cannot_generate_success) ... ok
test_final_exception_or_nonfinite_does_not_commit_history (test_review_regressions.ReviewRegressionTests.test_final_exception_or_nonfinite_does_not_commit_history) ... ok
test_foreign_cache_rejected_and_not_evicted (test_review_regressions.ReviewRegressionTests.test_foreign_cache_rejected_and_not_evicted) ... ok
test_nan_center_rejected_without_state_pollution (test_review_regressions.ReviewRegressionTests.test_nan_center_rejected_without_state_pollution) ... ok
test_oracle_preserves_all_caller_gradients_and_basis_weights (test_review_regressions.ReviewRegressionTests.test_oracle_preserves_all_caller_gradients_and_basis_weights) ... ok
test_projection_rank_orthogonality_rng_and_schema (test_review_regressions.ReviewRegressionTests.test_projection_rank_orthogonality_rng_and_schema) ... ok
test_proximal_rejects_invalid_inputs_without_broadcast (test_review_regressions.ReviewRegressionTests.test_proximal_rejects_invalid_inputs_without_broadcast) ... ok
test_checkpoint_clone_strict_source_only_and_initial_guard (test_source_pilot.SourceHostTests.test_checkpoint_clone_strict_source_only_and_initial_guard) ... ok
test_default_45_unique_keys_native_equivalence_retrieval_eviction (test_source_pilot.SourceHostTests.test_default_45_unique_keys_native_equivalence_retrieval_eviction) ... ok
test_fixture_query_replay_labels_and_enabled_b_c_lifecycle (test_source_pilot.SourceHostTests.test_fixture_query_replay_labels_and_enabled_b_c_lifecycle) ... ok
test_four_proxy_full_batch_b_c_gradients (test_source_pilot.SourceHostTests.test_four_proxy_full_batch_b_c_gradients) ... ok
test_every_real_entry_rejects_before_config_or_io (test_source_pilot.SourceIOTests.test_every_real_entry_rejects_before_config_or_io) ... ok
test_frozen_metadata_csv_join_selection_and_rejections (test_source_pilot.SourceIOTests.test_frozen_metadata_csv_join_selection_and_rejections) ... ok
test_nonfinite_and_label_mismatch_stop_before_next_query (test_source_pilot.SourceIOTests.test_nonfinite_and_label_mismatch_stop_before_next_query) ... ok
test_pixel_transforms_and_metrics_pair_cohorts (test_source_pilot.SourceIOTests.test_pixel_transforms_and_metrics_pair_cohorts) ... ok
test_rgb_mask_decode_nearest_and_geometry (test_source_pilot.SourceIOTests.test_rgb_mask_decode_nearest_and_geometry) ... ok
test_sdf_brute_pixel_centers_non_square_small_nested_empty_full (test_source_pilot.SourceIOTests.test_sdf_brute_pixel_centers_non_square_small_nested_empty_full) ... ok
test_expected_stream_rejects_duplicate_missing_order_channels_lifecycle_nonfinite (test_source_pilot_release.ReleaseTests.test_expected_stream_rejects_duplicate_missing_order_channels_lifecycle_nonfinite) ... ok
test_failure_retains_N_A_and_B_prefix (test_source_pilot_release.ReleaseTests.test_failure_retains_N_A_and_B_prefix) ... ok
test_initialization_delta_is_not_adam_update (test_source_pilot_release.ReleaseTests.test_initialization_delta_is_not_adam_update) ... ok
test_readonly_optimizer_hooks_preserve_full_native_output_state_rng (test_source_pilot_release.ReleaseTests.test_readonly_optimizer_hooks_preserve_full_native_output_state_rng) ... ok
test_receipt_rejects_before_real_io_and_binds_commit_config_source (test_source_pilot_release.ReleaseTests.test_receipt_rejects_before_real_io_and_binds_commit_config_source) ... ok
test_task_preprocessing_has_no_hidden_second_normalization (test_vptta_host.InputContractTests.test_task_preprocessing_has_no_hidden_second_normalization) ... ok
test_four_image_zero_weight_sequence_matches_direct_native_block (test_vptta_host.NativeHostTests.test_four_image_zero_weight_sequence_matches_direct_native_block) ... ok
test_proxy_gradient_label_sensitivity_and_native_state_isolation (test_vptta_host.NativeHostTests.test_proxy_gradient_label_sensitivity_and_native_state_isolation) ... ok

----------------------------------------------------------------------
Ran 173 tests in 366.874s

OK
