test_C_half_shadow_and_nonfinite_hard_failure (test_r5_rule.RuleTests) ... ok
test_forcing_order_empty_history_ties_and_tolerance (test_r5_rule.RuleTests) ... ok
test_full_grid_regions_empty_partial_and_detach (test_r5_rule.RuleTests) ... ok
test_random_one_draw_every_visit_independent_eligibility (test_r5_rule.RuleTests) ... ok
test_window_over_128_current_excluded_and_rejections_appended (test_r5_rule.RuleTests) ... ok
test_actual_q_target_pre_and_six_view_alignment (test_r5_host.HostTests) ... ok
test_evaluation_isolation_delayed_omitted_identity_rejected (test_r5_host.HostTests) ... ok
test_evaluator_reads_GT_after_all_commits (test_r5_host.HostTests) ... ok
test_full_random_ResUNet_old_C_diag_verify_random_p1_four_steps (test_r5_host.HostTests) ... ok
test_half_only_lr_and_all_physical_counts (test_r5_host.HostTests) ... ok
test_nonfinite_state_hard_failure_no_resume (test_r5_host.HostTests) ... ok
test_reject_first_and_existing_Adam_state_next_visit_reference (test_r5_host.HostTests) ... ok
test_snapshot_buffers_extra_state_groups_and_no_alias (test_r5_host.HostTests) ... ok
test_toy_all_accept_old_C_exact_and_capture_contract (test_r5_host.HostTests) ... ok
test_3_17_20_budget_scopes_default_entry_and_neutral_protection (test_r5_analysis.AnalysisTests) ... ok
test_A_gate_boundaries_and_mechanical_failures (test_r5_analysis.AnalysisTests) ... ok
test_B_gate_boundaries (test_r5_analysis.AnalysisTests) ... ok
test_complete_A_then_separate_17_B_reuse_and_atomic_corruption (test_r5_analysis.AnalysisTests) ... ok
test_foreign_historical_results_are_never_invalidated (test_r5_analysis.AnalysisTests) ... ok
test_label_free_calibration_and_analytical_random_reference (test_r5_analysis.AnalysisTests) ... ok
test_new_scope_review_waiver_caps_and_calibration_bindings (test_r5_analysis.AnalysisTests) ... ok
test_scalar_replay_all_arms_corruption_and_join (test_r5_analysis.AnalysisTests) ... ok

----------------------------------------------------------------------
Ran 22 tests in 161.676s

OK
FULL_MODEL_CPU {"actual": {"network_forwards": 128, "loss_backward_calls": 16, "adam_calls": 16, "jacobian_vjp_calls": 0}, "multi_step_exact_parity": true, "checkpoint_reads": 0}
{
  "tests": 22,
  "failures": 0,
  "errors": 0,
  "skipped": 0,
  "seconds": 161.80614364007488,
  "procedural_B1_physical": {
    "network_forwards": 368,
    "loss_backward_calls": 46,
    "adam_calls": 46,
    "jacobian_vjp_calls": 0
  },
  "physical_counter_scope": "all R5 model tests; B1-derived paths only if inherited regressions requested",
  "python": "3.10.6",
  "torch": "2.2.1+cu121",
  "cuda_initialized": false,
  "real_target_RGB_reads": 0,
  "real_target_mask_reads": 0,
  "registered_checkpoint_reads": 0,
  "procedural_IO_fixtures": false,
  "source_data_reads": 0,
  "inputs": "procedural CPU tensors; random model weights",
  "exit_code": 0
}
