PASS o0a0 C records=1951 physical counters matched
PASS o0a1 RP records=1951 physical counters matched
PASS o0a2 MT records=1951 physical counters matched
PASS o0a3 MT_RP records=1951 physical counters matched
PASS o0a5 FT_RP records=1951 physical counters matched
PASS o0a4 FT records=1951 physical counters matched
PASS o0a7 K_ALL records=1951 physical counters matched
PASS o0a6 KDG records=1951 physical counters matched
PASS o0a8 K_MAG records=1951 physical counters matched
PASS o0a9 K_FREE records=1951 physical counters matched
PASS o0a10 G_BOUND records=1951 physical counters matched
PASS o0a11 G_CONST records=1951 physical counters matched
PASS o0a12 G_SHUFFLE records=1951 physical counters matched
PASS o0a13 G_GLOBAL records=1951 physical counters matched
PASS o1a1 RP records=1951 physical counters matched
PASS o1a2 MT records=1951 physical counters matched
PASS o1a4 FT records=1951 physical counters matched
PASS o1a0 C records=1951 physical counters matched
PASS o1a5 FT_RP records=1951 physical counters matched
PASS o1a7 K_ALL records=1951 physical counters matched
PASS o1a3 MT_RP records=1951 physical counters matched
PASS o1a8 K_MAG records=1951 physical counters matched
PASS o1a10 G_BOUND records=1951 physical counters matched
PASS o1a6 KDG records=1951 physical counters matched
PASS o1a11 G_CONST records=1951 physical counters matched
PASS o1a13 G_GLOBAL records=1951 physical counters matched
PASS o1a9 K_FREE records=1951 physical counters matched
PASS o2a1 RP records=1951 physical counters matched
PASS o1a12 G_SHUFFLE records=1951 physical counters matched
PASS o2a0 C records=1951 physical counters matched
PASS o2a4 FT records=1951 physical counters matched
PASS o2a3 MT_RP records=1951 physical counters matched
PASS o2a2 MT records=1951 physical counters matched
PASS o2a7 K_ALL records=1951 physical counters matched
PASS o2a5 FT_RP records=1951 physical counters matched
PASS o2a6 KDG records=1951 physical counters matched
PASS o2a10 G_BOUND records=1951 physical counters matched
PASS o2a9 K_FREE records=1951 physical counters matched
PASS o2a8 K_MAG records=1951 physical counters matched
PASS o2a13 G_GLOBAL records=1951 physical counters matched
PASS o2a12 G_SHUFFLE records=1951 physical counters matched
PASS o2a11 G_CONST records=1951 physical counters matched
PASS o3a0 C records=1951 physical counters matched
PASS o3a2 MT records=1951 physical counters matched
PASS o3a1 RP records=1951 physical counters matched
PASS o3a3 MT_RP records=1951 physical counters matched
PASS o3a5 FT_RP records=1951 physical counters matched
PASS o3a4 FT records=1951 physical counters matched
PASS o3a6 KDG records=1951 physical counters matched
PASS o3a8 K_MAG records=1951 physical counters matched
PASS o3a7 K_ALL records=1951 physical counters matched
PASS o3a9 K_FREE records=1951 physical counters matched
PASS o3a11 G_CONST records=1951 physical counters matched
PASS o3a10 G_BOUND records=1951 physical counters matched
PASS o3a12 G_SHUFFLE records=1951 physical counters matched
PASS o4a1 RP records=1951 physical counters matched
PASS o3a13 G_GLOBAL records=1951 physical counters matched
PASS o4a4 FT records=1951 physical counters matched
PASS o4a2 MT records=1951 physical counters matched
PASS o4a0 C records=1951 physical counters matched
PASS o4a5 FT_RP records=1951 physical counters matched
PASS o4a7 K_ALL records=1951 physical counters matched
PASS o4a3 MT_RP records=1951 physical counters matched
PASS o4a8 K_MAG records=1951 physical counters matched
PASS o4a10 G_BOUND records=1951 physical counters matched
PASS o4a11 G_CONST records=1951 physical counters matched
PASS o4a6 KDG records=1951 physical counters matched
PASS o4a13 G_GLOBAL records=1951 physical counters matched
PASS o4a9 K_FREE records=1951 physical counters matched
PASS o4a12 G_SHUFFLE records=1951 physical counters matched
PASS all 70 trajectories, 136570 records, 73 zero exits; public scalar export, no raw assets
