test_C_half_shadow_and_nonfinite_hard_failure (test_r5_rule.RuleTests.test_C_half_shadow_and_nonfinite_hard_failure) ... ok
test_forcing_order_empty_history_ties_and_tolerance (test_r5_rule.RuleTests.test_forcing_order_empty_history_ties_and_tolerance) ... ok
test_full_grid_regions_empty_partial_and_detach (test_r5_rule.RuleTests.test_full_grid_regions_empty_partial_and_detach) ... ok
test_random_one_draw_every_visit_independent_eligibility (test_r5_rule.RuleTests.test_random_one_draw_every_visit_independent_eligibility) ... ok
test_window_over_128_current_excluded_and_rejections_appended (test_r5_rule.RuleTests.test_window_over_128_current_excluded_and_rejections_appended) ... ok
test_actual_q_target_pre_and_six_view_alignment (test_r5_host.HostTests.test_actual_q_target_pre_and_six_view_alignment) ... ok
test_evaluation_isolation_delayed_omitted_identity_rejected (test_r5_host.HostTests.test_evaluation_isolation_delayed_omitted_identity_rejected) ... ok
test_evaluator_reads_GT_after_all_commits (test_r5_host.HostTests.test_evaluator_reads_GT_after_all_commits) ... ok
test_full_random_ResUNet_old_C_diag_verify_random_p1_four_steps (test_r5_host.HostTests.test_full_random_ResUNet_old_C_diag_verify_random_p1_four_steps) ... ok
test_half_only_lr_and_all_physical_counts (test_r5_host.HostTests.test_half_only_lr_and_all_physical_counts) ... ok
test_nonfinite_state_hard_failure_no_resume (test_r5_host.HostTests.test_nonfinite_state_hard_failure_no_resume) ... ok
test_reject_first_and_existing_Adam_state_next_visit_reference (test_r5_host.HostTests.test_reject_first_and_existing_Adam_state_next_visit_reference) ... ok
test_snapshot_buffers_extra_state_groups_and_no_alias (test_r5_host.HostTests.test_snapshot_buffers_extra_state_groups_and_no_alias) ... ok
test_toy_all_accept_old_C_exact_and_capture_contract (test_r5_host.HostTests.test_toy_all_accept_old_C_exact_and_capture_contract) ... ok
test_3_17_20_budget_scopes_default_entry_and_neutral_protection (test_r5_analysis.AnalysisTests.test_3_17_20_budget_scopes_default_entry_and_neutral_protection) ... ok
test_A_gate_boundaries_and_mechanical_failures (test_r5_analysis.AnalysisTests.test_A_gate_boundaries_and_mechanical_failures) ... ok
test_B_gate_boundaries (test_r5_analysis.AnalysisTests.test_B_gate_boundaries) ... ok
test_complete_A_then_separate_17_B_reuse_and_atomic_corruption (test_r5_analysis.AnalysisTests.test_complete_A_then_separate_17_B_reuse_and_atomic_corruption) ... ok
test_foreign_historical_results_are_never_invalidated (test_r5_analysis.AnalysisTests.test_foreign_historical_results_are_never_invalidated) ... ok
test_label_free_calibration_and_analytical_random_reference (test_r5_analysis.AnalysisTests.test_label_free_calibration_and_analytical_random_reference) ... ok
test_new_scope_review_waiver_caps_and_calibration_bindings (test_r5_analysis.AnalysisTests.test_new_scope_review_waiver_caps_and_calibration_bindings) ... ok
test_scalar_replay_all_arms_corruption_and_join (test_r5_analysis.AnalysisTests.test_scalar_replay_all_arms_corruption_and_join) ... ok
test_33_valid_shadow_rows_impossible_counts_all_predictions (test_r5_audit_fix.AuditFixTests.test_33_valid_shadow_rows_impossible_counts_all_predictions) ... ok
test_complete_A_impossible_metrics_invalidate_without_scientific_result (test_r5_audit_fix.AuditFixTests.test_complete_A_impossible_metrics_invalidate_without_scientific_result) ... ok
test_metric_feasibility_boundaries_and_original_dice_guard (test_r5_audit_fix.AuditFixTests.test_metric_feasibility_boundaries_and_original_dice_guard) ... ok
test_rollback_next_step_reference_never_attempted_candidate (test_r5_audit_fix.AuditFixTests.test_rollback_next_step_reference_never_attempted_candidate) ... ok
test_smoke_after_Adam_before_return_all_hosts (test_r5_audit_fix.AuditFixTests.test_smoke_after_Adam_before_return_all_hosts) ... ok
test_smoke_after_backward_before_Adam_all_hosts (test_r5_audit_fix.AuditFixTests.test_smoke_after_backward_before_Adam_all_hosts) ... ok
test_smoke_partial_forward_all_hosts (test_r5_audit_fix.AuditFixTests.test_smoke_partial_forward_all_hosts) ... ok
test_smoke_preserves_first_failure_and_original_exception (test_r5_audit_fix.AuditFixTests.test_smoke_preserves_first_failure_and_original_exception) ... ok
test_smoke_success_A_B_exact_budgets (test_r5_audit_fix.AuditFixTests.test_smoke_success_A_B_exact_budgets) ... ok
test_auxiliary_counter_corruption_and_causal_marker_rejected (test_r4t_execution.ExecutionTests.test_auxiliary_counter_corruption_and_causal_marker_rejected) ... ok
test_disabled_authorization_before_model_or_device_and_review_mode (test_r4t_execution.ExecutionTests.test_disabled_authorization_before_model_or_device_and_review_mode) ... ok
test_entry_installs_neutral_subprocesses_before_dispatch (test_r4t_execution.ExecutionTests.test_entry_installs_neutral_subprocesses_before_dispatch) ... ok
test_frozen_AB_preservation_matrix_and_caps (test_r4t_execution.ExecutionTests.test_frozen_AB_preservation_matrix_and_caps) ... ok
test_seventy_complete_and_atomic_invalid_after_truncation (test_r4t_execution.ExecutionTests.test_seventy_complete_and_atomic_invalid_after_truncation) ... ok
test_01_covariance_models_psd (test_r3_reference.MathTests.test_01_covariance_models_psd) ... ok
test_02_lowrank_tail_and_trace (test_r3_reference.MathTests.test_02_lowrank_tail_and_trace) ... ok
test_03_density_matches_explicit_inverse (test_r3_reference.MathTests.test_03_density_matches_explicit_inverse) ... ok
test_04_density_teacher_zero_and_bounded (test_r3_reference.MathTests.test_04_density_teacher_zero_and_bounded) ... ok
test_05_density_unsupported_not_confident_fallback (test_r3_reference.MathTests.test_05_density_unsupported_not_confident_fallback) ... ok
test_06_procrustes_recovers_known_rotation (test_r3_reference.MathTests.test_06_procrustes_recovers_known_rotation) ... ok
test_07_transport_matches_reencoded_statistics (test_r3_reference.MathTests.test_07_transport_matches_reencoded_statistics) ... ok
test_08_procrustes_identity_and_no_input_mutation (test_r3_reference.MathTests.test_08_procrustes_identity_and_no_input_mutation) ... ok
test_09_projection_matches_full_solve (test_r3_reference.MathTests.test_09_projection_matches_full_solve) ... ok
test_10_projection_nullspace_and_zero_rows (test_r3_reference.MathTests.test_10_projection_nullspace_and_zero_rows) ... ok
test_11_norm_control_and_probe_contraction (test_r3_reference.MathTests.test_11_norm_control_and_probe_contraction) ... ok
test_12_feature_jacobian_actual_Adam_step (test_r3_reference.MathTests.test_12_feature_jacobian_actual_Adam_step) ... ok
test_13_nested_projection_formula (test_r3_reference.MathTests.test_13_nested_projection_formula) ... ok
test_14_weighted_nested_projection_optimum (test_r3_reference.MathTests.test_14_weighted_nested_projection_optimum) ... ok
test_15_grid_edges_local_unique (test_r3_reference.MathTests.test_15_grid_edges_local_unique) ... ok
test_16_graph_isotropic_identity_metrics (test_r3_reference.MathTests.test_16_graph_isotropic_identity_metrics) ... ok
test_17_graph_mirror_proximal_energy_and_order (test_r3_reference.MathTests.test_17_graph_mirror_proximal_energy_and_order) ... ok
test_18_graph_zero_edges_equals_order_control (test_r3_reference.MathTests.test_18_graph_zero_edges_equals_order_control) ... ok
test_19_router_capacity_and_readonly_choice (test_r3_reference.MathTests.test_19_router_capacity_and_readonly_choice) ... ok
test_20_router_does_not_mutate_unselected (test_r3_reference.MathTests.test_20_router_does_not_mutate_unselected) ... ok
test_21_recurrence_single_use_and_order_preserved (test_r3_reference.MathTests.test_21_recurrence_single_use_and_order_preserved) ... ok
test_22_recurrence_rejects_duplicate (test_r3_reference.MathTests.test_22_recurrence_rejects_duplicate) ... ok
test_23_full_matrix_budget (test_r3_reference.MathTests.test_23_full_matrix_budget) ... ok
test_24_nonfinite_rejected_and_cuda_unused (test_r3_reference.MathTests.test_24_nonfinite_rejected_and_cuda_unused) ... ok
test_C_RP_two_step_old_path_parity (test_r3.HostTests.test_C_RP_two_step_old_path_parity) ... ok
test_S_host_switch_does_not_replay_augmentation_or_copy_model (test_r3.HostTests.test_S_host_switch_does_not_replay_augmentation_or_copy_model) ... ok
test_all_families_actual_cold_and_ready_paths (test_r3.HostTests.test_all_families_actual_cold_and_ready_paths) ... ok
test_cold_no_loss_branches_match_C_and_augmentation_rng (test_r3.HostTests.test_cold_no_loss_branches_match_C_and_augmentation_rng) ... ok
test_prediction_before_merge_labels_private_and_failure_cleanup (test_r3.HostTests.test_prediction_before_merge_labels_private_and_failure_cleanup) ... ok
test_programmatic_full_ResUNet_38_updates_all_families (test_r3.HostTests.test_programmatic_full_ResUNet_38_updates_all_families) ... ok
test_Jacobian_finite_difference_unused_columns_and_no_32D_parameter_projection (test_r3.MechanismTests.test_Jacobian_finite_difference_unused_columns_and_no_32D_parameter_projection) ... ok
test_T_high_resolution_zero_pair_ready_and_graph_detached (test_r3.MechanismTests.test_T_high_resolution_zero_pair_ready_and_graph_detached) ... ok
test_actual_Adam_moments_and_norm_control (test_r3.MechanismTests.test_actual_Adam_moments_and_norm_control) ... ok
test_context_small_states_capacity_reuse_and_rng (test_r3.MechanismTests.test_context_small_states_capacity_reuse_and_rng) ... ok
test_current_reader_reused_mask_only_after_R3_commit (test_r3.MechanismTests.test_current_reader_reused_mask_only_after_R3_commit) ... ok
test_matrix_and_disabled_entry_before_any_asset_access (test_r3.MechanismTests.test_matrix_and_disabled_entry_before_any_asset_access) ... ok
test_sampling_equal_R1_and_local_rng (test_r3.MechanismTests.test_sampling_equal_R1_and_local_rng) ... ok
test_transport_all_live_cached_frames_and_post_storage (test_r3.MechanismTests.test_transport_all_live_cached_frames_and_post_storage) ... ok
test_transport_insufficient_support_and_single_token_shuffle (test_r3.MechanismTests.test_transport_insufficient_support_and_single_token_shuffle) ... ok
test_unused_probe_columns_and_zero_A_candidate_exact (test_r3.MechanismTests.test_unused_probe_columns_and_zero_A_candidate_exact) ... ok
test_85_fixture_closeout_separate_secondary_and_truncation (test_r3_execution.ExecutionTests.test_85_fixture_closeout_separate_secondary_and_truncation) ... ok
test_audit_evidence_EIO_does_not_hide_shared_code_rejection (test_r3_execution.ExecutionTests.test_audit_evidence_EIO_does_not_hide_shared_code_rejection) ... ok
test_authorization_rejects_before_model_or_device (test_r3_execution.ExecutionTests.test_authorization_rejects_before_model_or_device) ... ok
test_corrupt_counts_and_missing_evidence_fail (test_r3_execution.ExecutionTests.test_corrupt_counts_and_missing_evidence_fail) ... ok
test_direct_worker_disabled_authorization_precedes_environment (test_r3_execution.ExecutionTests.test_direct_worker_disabled_authorization_precedes_environment) ... ok
test_direct_worker_mismatch_rejected_before_device_or_assets (test_r3_execution.ExecutionTests.test_direct_worker_mismatch_rejected_before_device_or_assets) ... ok
test_formal_worker_records_actual_policy_without_changing_it (test_r3_execution.ExecutionTests.test_formal_worker_records_actual_policy_without_changing_it) ... ok
test_phase_environment_matrix_preserves_parent_and_identity (test_r3_execution.ExecutionTests.test_phase_environment_matrix_preserves_parent_and_identity) ... ok
test_process_audit_preserves_predicate_and_failure_evidence (test_r3_execution.ExecutionTests.test_process_audit_preserves_predicate_and_failure_evidence) ... ok
test_smoke_failure_restores_both_flags_and_workspace (test_r3_execution.ExecutionTests.test_smoke_failure_restores_both_flags_and_workspace) ... ok
test_unknown_phase_rejected (test_r3_execution.ExecutionTests.test_unknown_phase_rejected) ... ok
test_worker_smoke_audits_after_host_before_first_forward (test_r3_execution.ExecutionTests.test_worker_smoke_audits_after_host_before_first_forward) ... ok
test_actual_default_CLI_refuses_before_weight_or_GPU_access (test_r1.CloseoutChecks.test_actual_default_CLI_refuses_before_weight_or_GPU_access) ... ok
test_complete_scalar_matrix_and_truncation (test_r1.CloseoutChecks.test_complete_scalar_matrix_and_truncation) ... ok
test_disabled_digest_commit_and_matrix (test_r1.ExecutionChecks.test_disabled_digest_commit_and_matrix) ... ok
test_duplicate_claim_and_incomplete_closeout (test_r1.ExecutionChecks.test_duplicate_claim_and_incomplete_closeout) ... ok
test_prefix_wrong_identity_counts_and_reset (test_r1.ExecutionChecks.test_prefix_wrong_identity_counts_and_reset) ... ok
test_all_six_hosts_physical_and_state_independence (test_r1.HostChecks.test_all_six_hosts_physical_and_state_independence) ... ok
test_full_model_old_C_equivalence (test_r1.HostChecks.test_full_model_old_C_equivalence) ... ok
test_labels_source_readers_private_rng_and_zero_extra_loss (test_r1.HostChecks.test_labels_source_readers_private_rng_and_zero_extra_loss) ... ok
test_real_feature_interface_and_PCA_ready_backward (test_r1.HostChecks.test_real_feature_interface_and_PCA_ready_backward) ... ok
test_recovery_affine_adam_rng_and_period (test_r1.HostChecks.test_recovery_affine_adam_rng_and_period) ... ok
test_controller_exact_threshold_floor_reset (test_r1.MathChecks.test_controller_exact_threshold_floor_reset) ... ok
test_covariance_ready_snapshot_and_projector (test_r1.MathChecks.test_covariance_ready_snapshot_and_projector) ... ok
test_entropy_shared_region_and_empty (test_r1.MathChecks.test_entropy_shared_region_and_empty) ... ok
test_grid_alignment_and_projection_gradient (test_r1.MathChecks.test_grid_alignment_and_projection_gradient) ... ok
test_nested_masks_rng (test_r1.MathChecks.test_nested_masks_rng) ... ok
test_tokens_overlap_reliable_and_shuffle_quota (test_r1.MathChecks.test_tokens_overlap_reliable_and_shuffle_quota) ... ok
test_zero_rank_rank_cap_and_eigh_failure (test_r1.MathChecks.test_zero_rank_rank_cap_and_eigh_failure) ... ok
test_RGB_mask_same_verified_bytes_and_prediction_order (test_r1_fixes.AssetChecks.test_RGB_mask_same_verified_bytes_and_prediction_order) ... ok
test_checkpoint_digest_precedes_smoke_and_formal_model_work (test_r1_fixes.AssetChecks.test_checkpoint_digest_precedes_smoke_and_formal_model_work) ... ok
test_from_metadata_preserves_existing_hashes_without_readers (test_r1_fixes.AssetChecks.test_from_metadata_preserves_existing_hashes_without_readers) ... ok
test_PCA_live_scalar_refresh_and_invalid_banks_quotas (test_r1_fixes.EvidenceChecks.test_PCA_live_scalar_refresh_and_invalid_banks_quotas) ... ok
test_completion_and_run_smoke_process_contradictions (test_r1_fixes.EvidenceChecks.test_completion_and_run_smoke_process_contradictions) ... ok
test_failure_with_success_and_stale_complete_invalidated (test_r1_fixes.EvidenceChecks.test_failure_with_success_and_stale_complete_invalidated) ... ok
test_first_visit_reset_and_controller_log_contradictions (test_r1_fixes.EvidenceChecks.test_first_visit_reset_and_controller_log_contradictions) ... ok
test_history_method_order_receipt_and_C0_canonical_exception (test_r1_fixes.EvidenceChecks.test_history_method_order_receipt_and_C0_canonical_exception) ... ok
test_failure_record_ENOSPC_reaps_all_owned_without_new_dispatch (test_r1_fixes.ProcessChecks.test_failure_record_ENOSPC_reaps_all_owned_without_new_dispatch) ... FULL_MODEL_CPU {"actual": {"network_forwards": 128, "loss_backward_calls": 16, "adam_calls": 16, "jacobian_vjp_calls": 0}, "multi_step_exact_parity": true, "checkpoint_reads": 0}
SMOKE_CPU_BACKEND {"before": {"cublas_workspace_config": null, "deterministic_algorithms": false, "warn_only": true}, "comparison": {"cublas_workspace_config": null, "deterministic_algorithms": true, "warn_only": false}, "restored": {"cublas_workspace_config": null, "deterministic_algorithms": false, "warn_only": true}}
FULL_RESUNET_CPU_38_UPDATE_COUNTS {"actual_parameter_replacements": 5, "adam_calls": 38, "jacobian_vjp_calls": 18, "loss_backward_calls": 38, "network_forwards": 316}
PHASE_ENV {"parent": null, "phase": "smoke", "child": ":4096:8", "parent_unchanged": true}
PHASE_ENV {"parent": null, "phase": "formal", "child": null, "parent_unchanged": true}
PHASE_ENV {"parent": "invalid", "phase": "smoke", "child": ":4096:8", "parent_unchanged": true}
PHASE_ENV {"parent": "invalid", "phase": "formal", "child": null, "parent_unchanged": true}
PHASE_ENV {"parent": ":16:8", "phase": "smoke", "child": ":4096:8", "parent_unchanged": true}
PHASE_ENV {"parent": ":16:8", "phase": "formal", "child": null, "parent_unchanged": true}
PHASE_ENV {"parent": ":4096:8", "phase": "smoke", "child": ":4096:8", "parent_unchanged": true}
PHASE_ENV {"parent": ":4096:8", "phase": "formal", "child": null, "parent_unchanged": true}
AUDIT_ORDER {"gpu_listing": true, "events": ["checkpoint", "backend", "host", "ps", "nvidia-smi", "step"], "reasons": [], "physical": {"network_forwards": 0, "loss_backward_calls": 0, "jacobian_vjp_calls": 0, "adam_calls": 0, "actual_parameter_replacements": 0}}
AUDIT_ORDER {"gpu_listing": false, "events": ["checkpoint", "backend", "host", "ps", "nvidia-smi"], "reasons": ["missing_gpu_process"], "physical": {"network_forwards": 0, "loss_backward_calls": 0, "jacobian_vjp_calls": 0, "adam_calls": 0, "actual_parameter_replacements": 0}}
{"probe": "ENOSPC", "observed_error": "OSError", "observed_errno": 28, "created": 4, "formal_children": 2, "all_owned_returned": true, "all_owned_reaped": true, "outsider_alive": true, "summary_status": "INCOMPLETE", "owned": [{"pid": 81987, "phase": "smoke", "key": "device0", "returncode": 0, "waitpid": "ChildProcessError: already reaped"}, {"pid": 81988, "phase": "smoke", "key": "device1", "returncode": 0, "waitpid": "ChildProcessError: already reaped"}, {"pid": 81989, "phase": "formal", "key": "o0a0", "returncode": -15, "waitpid": "ChildProcessError: already reaped"}, {"pid": 81990, "phase": "formal", "key": "o0a1", "returncode": -15, "waitpid": "ChildProcessError: already reaped"}], "cleanup": [{"pid": 81987, "phase": "smoke", "key": "device0", "returncode": 0, "cleaned": true}, {"pid": 81988, "phase": "smoke", "key": "device1", "returncode": 0, "cleaned": true}, {"pid": 81989, "phase": "formal", "key": "o0a0", "returncode": -15, "cleaned": true}, {"pid": 81990, "phase": "formal", "key": "o0a1", "returncode": -15, "cleaned": true}], "outsider_pid": 81986, "fallback_cleanup": [{"pid": 81987, "returncode": 0, "wait_completed": true}, {"pid": 81988, "returncode": 0, "wait_completed": true}, {"pid": 81989, "returncode": -15, "wait_completed": true}, {"pid": 81990, "returncode": -15, "wait_completed": true}, {"pid": 81986, "returncode": -15, "wait_completed": true}], "supervisor_exit_code": 1}
supervision failed: OSError: [Errno 28] programmatic failure-record write
Traceback (most recent call last):
  File "<string>", line 1, in <module>
  File "<REPO>/tests/test_r1_fixes.py", line 284, in io_failure_probe
    if caught is not None:raise caught
                          ^^^^^^^^^^^^
  File "<REPO>/tests/test_r1_fixes.py", line 256, in io_failure_probe
    try:module.supervise(out,packet,spawn,case.caps(trajectory_seconds=.12),.01)
        ^^^^^^^^^^^^^^^^^^^^^^^^^^^^^^^^^^^^^^^^^^^^^^^^^^^^^^^^^^^^^^^^^^^^^^^^
  File "<REPO>/src/dpa_ctta/r1/supervise.py", line 167, in supervise
    raise caught
  File "<REPO>/src/dpa_ctta/r1/supervise.py", line 150, in supervise
    try:write_failure(rec)
        ^^^^^^^^^^^^^^^^^^
  File "<REPO>/src/dpa_ctta/r1/supervise.py", line 72, in write_failure
    if not path.exists():write(path,dict(binding=rec['binding'],status=rec['status'],reason=rec['reason'],prefix_preserved=True))
                         ^^^^^^^^^^^^^^^^^^^^^^^^^^^^^^^^^^^^^^^^^^^^^^^^^^^^^^^^^^^^^^^^^^^^^^^^^^^^^^^^^^^^^^^^^^^^^^^^^^^^^^^^
  File "<PYTHON_ENV>/lib/python3.12/unittest/mock.py", line 1139, in __call__
    return self._mock_call(*args, **kwargs)
           ^^^^^^^^^^^^^^^^^^^^^^^^^^^^^^^^
  File "<PYTHON_ENV>/lib/python3.12/unittest/mock.py", line 1143, in _mock_call
    return self._execute_mock_call(*args, **kwargs)
           ^^^^^^^^^^^^^^^^^^^^^^^^^^^^^^^^^^^^^^^^
  File "<PYTHON_ENV>/lib/python3.12/unittest/mock.py", line 1204, in _execute_mock_call
    result = effect(*args, **kwargs)
             ^^^^^^^^^^^^^^^^^^^^^^^
  File "<REPO>/tests/test_r1_fixes.py", line 251, in writer
    raise OSError(errno.ENOSPC,'programmatic failure-record write')
OSError: [Errno 28] programmatic failure-record write

ok
test_finite_success_records_all_created_processes (test_r1_fixes.ProcessChecks.test_finite_success_records_all_created_processes) ... ok
test_later_worker_failure_stops_dispatch_allows_active_independent (test_r1_fixes.ProcessChecks.test_later_worker_failure_stops_dispatch_allows_active_independent) ... ok
test_parent_SIGINT_SIGTERM_clean_up_own_groups (test_r1_fixes.ProcessChecks.test_parent_SIGINT_SIGTERM_clean_up_own_groups) ... supervision failed: Interrupted: parent signal 2
supervision failed: Interrupted: parent signal 15
ok
test_parent_signal_during_spawn_is_deferred_until_child_owned (test_r1_fixes.ProcessChecks.test_parent_signal_during_spawn_is_deferred_until_child_owned) ... supervision failed: Interrupted: parent signal 15
ok
test_partial_spawn_failure_cleans_created_child (test_r1_fixes.ProcessChecks.test_partial_spawn_failure_cleans_created_child) ... supervision failed: OSError: procedural spawn failure
ok
test_persistent_EIO_reaps_all_owned_and_exits_nonzero (test_r1_fixes.ProcessChecks.test_persistent_EIO_reaps_all_owned_and_exits_nonzero) ... {"probe": "EIO", "observed_error": "OSError", "observed_errno": 5, "created": 4, "formal_children": 2, "all_owned_returned": true, "all_owned_reaped": true, "outsider_alive": true, "summary_status": null, "owned": [{"pid": 82022, "phase": "smoke", "key": "device0", "returncode": 0, "waitpid": "ChildProcessError: already reaped"}, {"pid": 82023, "phase": "smoke", "key": "device1", "returncode": 0, "waitpid": "ChildProcessError: already reaped"}, {"pid": 82024, "phase": "formal", "key": "o0a0", "returncode": -15, "waitpid": "ChildProcessError: already reaped"}, {"pid": 82025, "phase": "formal", "key": "o0a1", "returncode": -15, "waitpid": "ChildProcessError: already reaped"}], "cleanup": [{"pid": 82022, "phase": "smoke", "key": "device0", "returncode": 0, "cleaned": true}, {"pid": 82023, "phase": "smoke", "key": "device1", "returncode": 0, "cleaned": true}, {"pid": 82024, "phase": "formal", "key": "o0a0", "returncode": -15, "cleaned": true}, {"pid": 82025, "phase": "formal", "key": "o0a1", "returncode": -15, "cleaned": true}], "outsider_pid": 82021, "fallback_cleanup": [{"pid": 82022, "returncode": 0, "wait_completed": true}, {"pid": 82023, "returncode": 0, "wait_completed": true}, {"pid": 82024, "returncode": -15, "wait_completed": true}, {"pid": 82025, "returncode": -15, "wait_completed": true}, {"pid": 82021, "returncode": -15, "wait_completed": true}], "supervisor_exit_code": 1}
supervision failed: OSError: [Errno 5] programmatic persistent evidence write
Traceback (most recent call last):
  File "<string>", line 1, in <module>
  File "<REPO>/tests/test_r1_fixes.py", line 284, in io_failure_probe
    if caught is not None:raise caught
                          ^^^^^^^^^^^^
  File "<REPO>/tests/test_r1_fixes.py", line 256, in io_failure_probe
    try:module.supervise(out,packet,spawn,case.caps(trajectory_seconds=.12),.01)
        ^^^^^^^^^^^^^^^^^^^^^^^^^^^^^^^^^^^^^^^^^^^^^^^^^^^^^^^^^^^^^^^^^^^^^^^^
  File "<REPO>/src/dpa_ctta/r1/supervise.py", line 167, in supervise
    raise caught
  File "<REPO>/src/dpa_ctta/r1/supervise.py", line 133, in supervise
    write(out/'processes.started.json',dict(binding=binding(packet),processes=[{k:r[k] for k in ('pid','pgid','binding','phase','key')} for r in history]),replace=True)
  File "<PYTHON_ENV>/lib/python3.12/unittest/mock.py", line 1139, in __call__
    return self._mock_call(*args, **kwargs)
           ^^^^^^^^^^^^^^^^^^^^^^^^^^^^^^^^
  File "<PYTHON_ENV>/lib/python3.12/unittest/mock.py", line 1143, in _mock_call
    return self._execute_mock_call(*args, **kwargs)
           ^^^^^^^^^^^^^^^^^^^^^^^^^^^^^^^^^^^^^^^^
  File "<PYTHON_ENV>/lib/python3.12/unittest/mock.py", line 1204, in _execute_mock_call
    result = effect(*args, **kwargs)
             ^^^^^^^^^^^^^^^^^^^^^^^
  File "<REPO>/tests/test_r1_fixes.py", line 253, in writer
    raise OSError(errno.EIO,'programmatic persistent evidence write')
OSError: [Errno 5] programmatic persistent evidence write

ok
test_rotation_one_two_three_slots_has_no_arm_device_lock (test_r1_fixes.ProcessChecks.test_rotation_one_two_three_slots_has_no_arm_device_lock) ... ok
test_shared_failure_cancels_only_this_batch_and_output_cap (test_r1_fixes.ProcessChecks.test_shared_failure_cancels_only_this_batch_and_output_cap) ... ok
test_signal_during_mkstemp_does_not_leak_output_descriptor (test_r1_fixes.ProcessChecks.test_signal_during_mkstemp_does_not_leak_output_descriptor) ... supervision failed: Interrupted: parent signal 15
ok
test_trajectory_timeout_prefix_and_unrelated_process_survives (test_r1_fixes.ProcessChecks.test_trajectory_timeout_prefix_and_unrelated_process_survives) ... ok
test_wall_and_active_caps_reach_stuck_smoke (test_r1_fixes.ProcessChecks.test_wall_and_active_caps_reach_stuck_smoke) ... ok
test_bound_historical_metadata_and_new_weighted_contradiction (test_r2.ExecutionChecks.test_bound_historical_metadata_and_new_weighted_contradiction) ... ok
test_disabled_actual_entry_and_frozen_twenty_jobs (test_r2.ExecutionChecks.test_disabled_actual_entry_and_frozen_twenty_jobs) ... ok
test_scalar_replay_live_weighted_refresh_and_corruptions (test_r2.ExecutionChecks.test_scalar_replay_live_weighted_refresh_and_corruptions) ... ok
test_twenty_job_bound_closeout_and_truncation_invalidates (test_r2.ExecutionChecks.test_twenty_job_bound_closeout_and_truncation_invalidates) ... ok
test_all_arms_eight_calls_post_prediction_merge_isolation_cleanup (test_r2.HostChecks.test_all_arms_eight_calls_post_prediction_merge_isolation_cleanup) ... ok
test_full_model_CPU_smoke_ready_all_arms_physical_budget (test_r2.HostChecks.test_full_model_CPU_smoke_ready_all_arms_physical_budget) ... ok
test_lambda_zero_old_C_and_absolute_cumulative_compatibility (test_r2.HostChecks.test_lambda_zero_old_C_and_absolute_cumulative_compatibility) ... ok
test_explicit_weighted_reference_multitoken_empty_and_first (test_r2.MathChecks.test_explicit_weighted_reference_multitoken_empty_and_first) ... ok
test_gradient_reductions_actual_rank_full_and_empty_zero (test_r2.MathChecks.test_gradient_reductions_actual_rank_full_and_empty_zero) ... ok
test_half_life_empty_visits_snapshot_and_no_expiry (test_r2.MathChecks.test_half_life_empty_visits_snapshot_and_no_expiry) ... ok
test_pair_identity_with_far_center_and_subspace_delta (test_r2.MathChecks.test_pair_identity_with_far_center_and_subspace_delta) ... ok
test_rank_zero_failure_and_snapshot_causality (test_r2.MathChecks.test_rank_zero_failure_and_snapshot_causality) ... ok
test_regions_same_pair_shuffle_RNG_and_F_shadow (test_r2.MathChecks.test_regions_same_pair_shuffle_RNG_and_F_shadow) ... ok
test_rho_one_direct_R1_cumulative_equivalence (test_r2.MathChecks.test_rho_one_direct_R1_cumulative_equivalence) ... ok
test_atomic_temporary_disappearance_only (test_r2_continuation.ContinuationChecks.test_atomic_temporary_disappearance_only) ... ok
test_cross_run_closeout_original_binding_and_failure_retention (test_r2_continuation.ContinuationChecks.test_cross_run_closeout_original_binding_and_failure_retention) ... ok
test_supervisor_skips_carried_jobs_preserves_rotation (test_r2_continuation.ContinuationChecks.test_supervisor_skips_carried_jobs_preserves_rotation) ... ok
test_worker_deadline_does_not_read_shared_telemetry (test_r2_continuation.ContinuationChecks.test_worker_deadline_does_not_read_shared_telemetry) ... ok

----------------------------------------------------------------------
Ran 143 tests in 311.773s

OK
{
  "tests": 143,
  "failures": 0,
  "errors": 0,
  "skipped": 0,
  "seconds": 311.88975883298554,
  "procedural_B1_physical": {
    "network_forwards": 2466,
    "loss_backward_calls": 306,
    "adam_calls": 301,
    "jacobian_vjp_calls": 0
  },
  "physical_counter_scope": "all R5 model tests; B1-derived paths only if inherited regressions requested",
  "python": "3.12.9",
  "torch": "2.6.0",
  "cuda_initialized": false,
  "real_target_RGB_reads": 0,
  "real_target_mask_reads": 0,
  "registered_checkpoint_reads": 0,
  "procedural_IO_fixtures": true,
  "source_data_reads": 0,
  "inputs": "procedural CPU tensors; random model weights",
  "exit_code": 0
}
