test_A_ambient_1024_basis_and_projection (test_math.MathTests) ... ok
test_A_filter_independent_reference (test_math.MathTests) ... ok
test_A_full_transition_correlations_and_high_noise (test_math.MathTests) ... ok
test_A_predictive_basis_independent_SVD_covariance (test_math.MathTests) ... ok
test_A_tau_square_and_B_first_difference (test_math.MathTests) ... ok
test_B_diagonal_closed_form_and_gradient (test_math.MathTests) ... ok
test_B_dictionary_normalization_spectral_bounds (test_math.MathTests) ... ok
test_B_five_step_reference_temperature_and_monotonicity (test_math.MathTests) ... ok
test_C_IRLS_reference_outliers_and_fixed_steps (test_math.MathTests) ... ok
test_C_calibration_only_variance_parameters (test_math.MathTests) ... ok
test_C_ridge_limit_mean_scaling_and_zero_residual (test_math.MathTests) ... ok
test_C_variance_bounds_constant_geometric_mean (test_math.MathTests) ... ok
test_all_shapes_state_static_and_source_gradients (test_math.MathTests) ... ok
test_invalid_nonfinite_spd_variance (test_math.MathTests) ... ok
test_rank_failures_no_random_padding (test_math.MathTests) ... ok
test_C0_one_forward (test_contract.Contracts) ... ok
test_ablation_lifecycle_and_constant_source (test_contract.Contracts) ... ok
test_batch_and_nonfinite_inputs_hard_fail (test_contract.Contracts) ... ok
test_disabled_real_entries_before_asset_read (test_contract.Contracts) ... ok
test_film_bitwise_and_zero_derivative (test_contract.Contracts) ... ok
test_fixed_fit_and_calibration_limits (test_contract.Contracts) ... ok
test_fixed_published_alias_mapping_metadata_only (test_contract.Contracts) ... ok
test_fresh_output_owner_and_first_error (test_contract.Contracts) ... ok
test_independent_RNG_and_identical_full_static_initialization (test_contract.Contracts) ... ok
test_matrix_bounds_source_pending_no_receipts (test_contract.Contracts) ... ok
test_no_commit_on_second_forward_failure_and_no_retry (test_contract.Contracts) ... ok
test_observer_shapes_current_BN_and_cache_release (test_contract.Contracts) ... ok
test_online_two_forward_no_autograd_and_current_only (test_contract.Contracts) ... ok
test_oracle_16_combined_steps_support_only (test_contract.Contracts) ... ok
test_reused_reader_rejects_symlink_hardlink_escape (test_contract.Contracts) ... ok
test_same_appearance_only_B_difference_not_raw_image (test_contract.Contracts) ... ok
test_saved_assets_inference_binding_and_eta (test_contract.Contracts) ... ok
test_scaler_is_fit_only_and_no_online_running_change (test_contract.Contracts) ... ok
test_scientific_review_paired_tails_and_ASSD_denominators (test_contract.Contracts) ... ok
test_source_constant_R_all_cal_observations_only (test_contract.Contracts) ... ok
test_source_destination_overlap_denied_before_any_write (test_contract.Contracts) ... ok
test_source_first_failure_is_terminal (test_contract.Contracts) ... ok
test_source_fit_static_and_calibration_freeze (test_contract.Contracts) ... ok
test_source_query_labels_change_loss_not_support_state (test_contract.Contracts) ... ok
test_source_query_pixel_cannot_update_episode_state (test_contract.Contracts) ... ok
test_split_overlap_oracle_fit_only_and_roles (test_contract.Contracts) ... ok
test_state_corruption_binding_rejected (test_contract.Contracts) ... ok
test_state_restore_next_output_and_GT_future_independence (test_contract.Contracts) ... ok
test_styles_identity_fold_factors_and_local_noise (test_contract.Contracts) ... ok
test_A_B_C_actual_ResUNet_visits_and_source_microepisodes (test_full_network.FullNetwork) ... FULL_NETWORK {"group": "A", "parameters": 22554570, "method_parameters": 23633, "fit": {"cholesky_solves": 16, "spectral_norms": 4, "appearance_MLP": 8, "method_MLP": 8, "backbone_forwards": 12, "source_backward_calls": 1, "source_AdamW": 1}, "online": {"cholesky_solves": 6, "spectral_norms": 2, "appearance_MLP": 2, "method_MLP": 2, "backbone_forwards": 4}, "gradients": {"style": 0.0012672708835452795, "content": 0.0002211252140114084, "W": 0.005223543848842382, "qraw": 4.484332021092996e-05, "observer.head.0.weight": 0.0005648327060043812, "observer.head.0.bias": 7.199496758403257e-05, "observer.head.2.weight": 0.00043087787344120443, "observer.head.2.bias": 0.0002486198500264436, "head.0.weight": 0.000874972203746438, "head.0.bias": 0.0010656291851773858, "head.2.weight": 0.000989582622423768, "head.2.bias": 0.0035613933578133583}}
FULL_NETWORK {"group": "B", "parameters": 22554570, "method_parameters": 25281, "fit": {"spectral_norms": 12, "appearance_MLP": 8, "method_MLP": 16, "ISTA_iterations": 20, "backbone_forwards": 12, "source_backward_calls": 1, "source_AdamW": 1}, "online": {"spectral_norms": 6, "appearance_MLP": 2, "method_MLP": 4, "ISTA_iterations": 10, "backbone_forwards": 4}, "gradients": {"W": 0.000620441569481045, "G": 5.676315049640834e-05, "Hraw": 0.0003426948678679764, "observer.head.0.weight": 0.0023634624667465687, "observer.head.0.bias": 0.0003013740060850978, "observer.head.2.weight": 0.0014788418775424361, "observer.head.2.bias": 0.0008543516742065549, "bias.0.weight": 0.0005652938853017986, "bias.0.bias": 0.0007636426598764956, "bias.2.weight": 0.001138607389293611, "bias.2.bias": 0.0023620768915861845, "head.0.weight": 0.0007262416183948517, "head.0.bias": 0.0009800399420782924, "head.2.weight": 0.0018064412288367748, "head.2.bias": 0.003688847180455923}}
FULL_NETWORK {"group": "C", "parameters": 22554570, "method_parameters": 48696, "fit": {"cholesky_solves": 12, "appearance_MLP": 8, "method_MLP": 16, "IRLS_iterations": 12, "backbone_forwards": 12, "source_backward_calls": 1, "source_AdamW": 1}, "online": {"cholesky_solves": 6, "appearance_MLP": 2, "method_MLP": 6, "IRLS_iterations": 6, "backbone_forwards": 4}, "gradients": {"Pc": 0.0005177286802791059, "Pa": 0.00021344711421988904, "O": 0.0004579000233206898, "observer.head.0.weight": 1.2428108675521798e-05, "observer.head.0.bias": 1.5837174487387529e-06, "observer.head.2.weight": 1.0404090062365867e-05, "observer.head.2.bias": 5.995846095174784e-06, "query.0.weight": 0.00017893021868076175, "query.0.bias": 1.7594282326172106e-05, "query.2.weight": 0.00015160214388743043, "query.2.bias": 4.7720597649458796e-05, "mapping.0.weight": 8.900808097678237e-06, "mapping.0.bias": 6.079601007513702e-05, "mapping.2.weight": 6.095445860410109e-05, "mapping.2.bias": 0.00022433184494730085}}
ok
test_full_zero_identity_derivative_and_C0 (test_full_network.FullNetwork) ... FULL_IDENTITY {"backbone_forwards": 3, "source_VJP": 2}
ok
test_original_C_random_network_narrow_preservation (test_full_network.FullNetwork) ... OLD_C_PRESERVATION {"network_forwards": 16, "backward_calls": 2, "Adam": 2, "bitwise": true}
ok
test_ablation_explicit_trusted_derivation_and_restore_mismatch (test_context.ContextTests) ... ok
test_actual_prepare_pipeline_emits_six_bound_packages_with_mocked_training (test_context.ContextTests) ... ok
test_all_groups_and_C0_cross_instance_restore_and_next_output (test_context.ContextTests) ... ok
test_all_groups_and_C0_head_encoder_projection_reject_both_load_paths (test_context.ContextTests) ... ok
test_all_groups_and_C0_legacy_incomplete_packages_rejected (test_context.ContextTests) ... ok
test_full_random_ResUNet_origin_compatibility_and_rejection (test_context.ContextTests) ... R7_CONTEXT_FULL_RANDOM {"model_parameters": 22554570, "counts": {"cholesky_solves": 9, "spectral_norms": 3, "appearance_MLP": 3, "method_MLP": 3, "backbone_forwards": 6}, "hash_cost": {"tensor_digest_calls": 12, "tensor_bytes": 541702896, "wall_ns": 404205991, "cpu_ns": 418880960, "context_build_calls": 6, "context_wall_ns": 420325801, "context_cpu_ns": 439953357}, "same_bytes_cross_instance": true, "changed_encoder_rejected": true}
ok
test_method_group_static_basis_scaler_calibration_mismatches (test_context.ContextTests) ... ok
test_mutation_guard_no_per_visit_tensor_hash_and_boundary_rehash (test_context.ContextTests) ... ok
test_policy_and_actual_BN_configuration_rejected_before_forward (test_context.ContextTests) ... ok
test_prepared_artifact_records_original_environment_and_rejects_drift (test_context.ContextTests) ... ok
test_tampered_or_wrong_source_spec_context_rejected (test_context.ContextTests) ... ok
test_tensor_canonical_names_shape_dtype_layout_and_no_address (test_context.ContextTests) ... ok

----------------------------------------------------------------------
Ran 59 tests in 88.339s

OK
R7_CPU_RESULT {"GPU_queries_or_initializations": 0, "context_hash_cost": {"context_build_calls": 199, "context_cpu_ns": 1192113292, "context_wall_ns": 1071903417, "cpu_ns": 916525453, "tensor_bytes": 978899706, "tensor_digest_calls": 407, "wall_ns": 783130637}, "cpu_system_seconds": 26.209121, "cpu_user_seconds": 135.120917, "errors": 0, "exit_code": 0, "external_review": "NOT_RUN", "failures": 0, "peak_RSS": 2020240, "peak_RSS_unit": "KiB", "physical_calls": {"AdamW_step": 6, "Adam_step": 24, "Tensor_backward": 36, "autograd_grad": 2, "old_backbone_forwards": 16}, "platform": "Linux x86_64", "procedural_counts": {"IRLS_iterations": 105, "ISTA_iterations": 240, "appearance_MLP": 391, "backbone_forwards": 479, "calibration_Adam": 6, "calibration_backward_calls": 6, "cholesky_solves": 264, "eigh": 4, "method_MLP": 967, "source_Adam": 16, "source_AdamW": 6, "source_VJP": 2, "source_backward_calls": 22, "spectral_norms": 181, "svd": 1}, "python": "3.10.6", "real_asset_reads": 0, "skipped": 0, "tests": 59, "torch": "2.2.1+cu121", "wall_seconds": 89.67087222100236}
