IMPLEMENTATION_SHA 07ae5426ee29ab594d5d5bee196c019fdf5d61dc
ARGV_AUDIT <python_env>/bin/python3.10 -c import os,runpy;runpy.run_path(os.environ["RUN_FILE"],run_name="__main__")
test_GPU_route_requires_historical_CPU_baseline (test_target_screen.ScreenTests) ... ok
test_already_exited_worker_terminal_resource_audit (test_target_screen.ScreenTests) ... ok
test_base_partial_physical_counts_are_not_visit_estimates (test_target_screen.ScreenTests) ... ok
test_child_rechecks_exact_authority_without_freshness_bypass (test_target_screen.ScreenTests) ... ok
test_cleanup_failure_is_preserved_separately (test_target_screen.ScreenTests) ... ok
test_cost_survives_posthoc_and_prediction_failure (test_target_screen.ScreenTests) ... ok
test_disabled_all_scopes_before_reads (test_target_screen.ScreenTests) ... ok
test_exact_authority_code_resource_and_matrix_binding (test_target_screen.ScreenTests) ... ok
test_exact_nominal_counts_and_schedule (test_target_screen.ScreenTests) ... ok
test_execution_first_survives_cleanup_and_evidence_no_retry (test_target_screen.ScreenTests) ... {"evidence_error": {"type": "OSError", "message": "evidence failure"}, "first_error": {"type": "RuntimeError", "message": "worker nonzero exit 7"}}
{"evidence_error": {"type": "OSError", "message": "evidence failure"}, "first_error": {"type": "RuntimeError", "message": "worker nonzero exit 7"}}
ok
test_finite_caps_gpu_unqualified (test_target_screen.ScreenTests) ... ok
test_full_persistence_static_reset_and_instance_order_isolation (test_target_screen.ScreenTests) ... ok
test_gpu_context_cpu_resources_rejected_before_online (test_target_screen.ScreenTests) ... ok
test_matrix_readiness_covers_all_eight_without_pixels (test_target_screen.ScreenTests) ... ok
test_online_and_posthoc_separate_and_evaluator_equivalence (test_target_screen.ScreenTests) ... ok
test_output_directory_replacement_and_links_fail (test_target_screen.ScreenTests) ... ok
test_partial_step_and_cost_evidence_failure_preserve_first (test_target_screen.ScreenTests) ... ok
test_prediction_quantization_matches_original_evaluator (test_target_screen.ScreenTests) ... ok
test_procedural_job_completes_online_before_any_mask (test_target_screen.ScreenTests) ... ok
test_real_baseline_factory_uses_CPU_even_in_GPU_route (test_target_screen.ScreenTests) ... ok
test_real_factory_trusted_loader_fresh_instances (test_target_screen.ScreenTests) ... ok
test_running_worker_wall_cap_kills_only_owned_process (test_target_screen.ScreenTests) ... ok
test_same_content_rewrite_is_not_immutable (test_target_screen.ScreenTests) ... ok
test_scheduler_all_24_fresh_jobs_three_lanes_and_report (test_target_screen.ScreenTests) ... ok
test_serial_scheduler_preserves_frozen_job_list (test_target_screen.ScreenTests) ... ok
test_target_reader_paths_after_read_and_label_capability (test_target_screen.ScreenTests) ... ok
test_traversal_symlink_hardlink_and_output_isolation (test_target_screen.ScreenTests) ... ok
test_trusted_loader_and_context_hashes (test_target_screen.ScreenTests) ... ok
test_worker_first_error_survives_after_check_failure (test_target_screen.ScreenTests) ... ok
test_wrong_registration_recurrence_and_inventory_hash (test_target_screen.ScreenTests) ... ok

----------------------------------------------------------------------
Ran 30 tests in 9.197s

OK
TARGET_SCREEN_CPU_RESULT {"tests": 30, "failures": 0, "errors": 0, "skipped": 0, "exit_code": 0, "wall_seconds": 9.222434374969453, "cpu_user_seconds": 4.565205, "cpu_system_seconds": 0.6928480000000001, "peak_RSS": 425136, "peak_RSS_unit": "KiB", "python": "3.10.6", "torch": "2.2.1+cu121", "physical_calls": {"backward": 0, "VJP": 0, "Adam": 0, "AdamW": 0, "synthetic_checkpoint_loads": 19, "synthetic_image_mask_decodes": 9}, "procedural_counts": {"backbone_forwards": 48, "appearance_MLP": 21, "method_MLP": 42, "spectral_norms": 28, "cholesky_solves": 42, "ISTA_iterations": 35, "IRLS_iterations": 21}, "hash_cost": {"tensor_digest_calls": 280, "tensor_bytes": 56341600, "wall_ns": 97072777, "cpu_ns": 192442910, "context_build_calls": 140, "context_wall_ns": 212378633, "context_cpu_ns": 413448705}, "real_RGB_mask_decodes": 0, "real_checkpoint_deserializations": 0, "GPU_queries_or_initializations": 0, "real_source_training": false, "target_execution_layer_review": "NOT_RUN"}
