test_01_covariance_models_psd (__main__.MathTests.test_01_covariance_models_psd) ... ok
test_02_lowrank_tail_and_trace (__main__.MathTests.test_02_lowrank_tail_and_trace) ... ok
test_03_density_matches_explicit_inverse (__main__.MathTests.test_03_density_matches_explicit_inverse) ... ok
test_04_density_teacher_zero_and_bounded (__main__.MathTests.test_04_density_teacher_zero_and_bounded) ... ok
test_05_density_unsupported_not_confident_fallback (__main__.MathTests.test_05_density_unsupported_not_confident_fallback) ... ok
test_06_procrustes_recovers_known_rotation (__main__.MathTests.test_06_procrustes_recovers_known_rotation) ... ok
test_07_transport_matches_reencoded_statistics (__main__.MathTests.test_07_transport_matches_reencoded_statistics) ... ok
test_08_procrustes_identity_and_no_input_mutation (__main__.MathTests.test_08_procrustes_identity_and_no_input_mutation) ... ok
test_09_projection_matches_full_solve (__main__.MathTests.test_09_projection_matches_full_solve) ... ok
test_10_projection_nullspace_and_zero_rows (__main__.MathTests.test_10_projection_nullspace_and_zero_rows) ... ok
test_11_norm_control_and_probe_contraction (__main__.MathTests.test_11_norm_control_and_probe_contraction) ... ok
test_12_feature_jacobian_actual_Adam_step (__main__.MathTests.test_12_feature_jacobian_actual_Adam_step) ... ok
test_13_nested_projection_formula (__main__.MathTests.test_13_nested_projection_formula) ... ok
test_14_weighted_nested_projection_optimum (__main__.MathTests.test_14_weighted_nested_projection_optimum) ... ok
test_15_grid_edges_local_unique (__main__.MathTests.test_15_grid_edges_local_unique) ... ok
test_16_graph_isotropic_identity_metrics (__main__.MathTests.test_16_graph_isotropic_identity_metrics) ... ok
test_17_graph_mirror_proximal_energy_and_order (__main__.MathTests.test_17_graph_mirror_proximal_energy_and_order) ... ok
test_18_graph_zero_edges_equals_order_control (__main__.MathTests.test_18_graph_zero_edges_equals_order_control) ... ok
test_19_router_capacity_and_readonly_choice (__main__.MathTests.test_19_router_capacity_and_readonly_choice) ... ok
test_20_router_does_not_mutate_unselected (__main__.MathTests.test_20_router_does_not_mutate_unselected) ... ok
test_21_recurrence_single_use_and_order_preserved (__main__.MathTests.test_21_recurrence_single_use_and_order_preserved) ... ok
test_22_recurrence_rejects_duplicate (__main__.MathTests.test_22_recurrence_rejects_duplicate) ... ok
test_23_full_matrix_budget (__main__.MathTests.test_23_full_matrix_budget) ... ok
test_24_nonfinite_rejected_and_cuda_unused (__main__.MathTests.test_24_nonfinite_rejected_and_cuda_unused) ... ok

----------------------------------------------------------------------
Ran 24 tests in 0.605s

OK
