test_local_gradients_detached_independent_reference_both_dtypes (test_r6_loss.LossTests) ... ok
test_partition_edges_double_mean_bounds_mass_and_fallback (test_r6_loss.LossTests) ... ok
test_permutation_seed_rng_histogram_and_soft_targets (test_r6_loss.LossTests) ... ok
test_soft_optimum_pos_weight_negative_control_and_zero_energy (test_r6_loss.LossTests) ... ok
test_tiny_residuals_uniform_degeneration_and_hard_failures (test_r6_loss.LossTests) ... ok
test_actual_q_and_original_C_bitwise (test_r6_host.HostTests) ... ok
test_each_arm_GT_change_delay_omit_cannot_change_state (test_r6_host.HostTests) ... ok
test_evaluation_release_after_Adam_and_RNG_commit (test_r6_host.HostTests) ... ok
test_full_random_ResUNet_old_C_and_four_arms_four_visits (test_r6_host.HostTests) ... ok
test_nonfinite_state_failure_and_production_no_VJP (test_r6_host.HostTests) ... ok
test_small_model_against_independent_current_objective (test_r6_host.HostTests) ... ok
test_zero_gradient_still_calls_Adam_with_existing_moments (test_r6_host.HostTests) ... ok
test_exact_code_science_data_stream_devices_stage_bindings (test_r6_execution.ExecutionTests) ... ok
test_matrix_defaults_authorization_and_neutral_entry (test_r6_execution.ExecutionTests) ... ok
test_smoke_after_Adam_before_return_all_hosts (test_r6_execution.ExecutionTests) ... ok
test_smoke_after_backward_before_Adam_all_hosts (test_r6_execution.ExecutionTests) ... ok
test_smoke_partial_forward_all_hosts (test_r6_execution.ExecutionTests) ... ok
test_smoke_preserves_first_failure_and_original_exception (test_r6_execution.ExecutionTests) ... ok
test_smoke_success_A_B_exact_budgets (test_r6_execution.ExecutionTests) ... ok
test_all_arms_ledger_corruptions_and_metrics (test_r6_analysis.AnalysisTests) ... ok
test_foreign_marker_run_scope_never_invalidate_history (test_r6_analysis.AnalysisTests) ... ok
test_full_A_then_B_reuse_original_bindings_and_invalidated_corruption (test_r6_analysis.AnalysisTests) ... ok
test_gate_equal_boundaries_and_each_independent_failure (test_r6_analysis.AnalysisTests) ... ok
test_C_half_shadow_and_nonfinite_hard_failure (test_r5_rule.RuleTests) ... ok
test_forcing_order_empty_history_ties_and_tolerance (test_r5_rule.RuleTests) ... ok
test_full_grid_regions_empty_partial_and_detach (test_r5_rule.RuleTests) ... ok
test_random_one_draw_every_visit_independent_eligibility (test_r5_rule.RuleTests) ... ok
test_window_over_128_current_excluded_and_rejections_appended (test_r5_rule.RuleTests) ... ok
test_actual_q_target_pre_and_six_view_alignment (test_r5_host.HostTests) ... ok
test_evaluation_isolation_delayed_omitted_identity_rejected (test_r5_host.HostTests) ... ok
test_evaluator_reads_GT_after_all_commits (test_r5_host.HostTests) ... ok
test_full_random_ResUNet_old_C_diag_verify_random_p1_four_steps (test_r5_host.HostTests) ... ok
test_half_only_lr_and_all_physical_counts (test_r5_host.HostTests) ... ok
test_nonfinite_state_hard_failure_no_resume (test_r5_host.HostTests) ... ok
test_reject_first_and_existing_Adam_state_next_visit_reference (test_r5_host.HostTests) ... ok
test_snapshot_buffers_extra_state_groups_and_no_alias (test_r5_host.HostTests) ... ok
test_toy_all_accept_old_C_exact_and_capture_contract (test_r5_host.HostTests) ... ok
test_3_17_20_budget_scopes_default_entry_and_neutral_protection (test_r5_analysis.AnalysisTests) ... ok
test_A_gate_boundaries_and_mechanical_failures (test_r5_analysis.AnalysisTests) ... ok
test_B_gate_boundaries (test_r5_analysis.AnalysisTests) ... ok
test_complete_A_then_separate_17_B_reuse_and_atomic_corruption (test_r5_analysis.AnalysisTests) ... 