{
  "status": "PASS",
  "cuda_initialized": false,
  "actual": {
    "C": {
      "visits": 2,
      "physical": {
        "network_forwards": 16,
        "loss_backward_calls": 2,
        "adam_calls": 2,
        "jacobian_vjp_calls": 0
      },
      "n_fg": [
        98464,
        182068
      ]
    },
    "R_BAL": {
      "visits": 2,
      "physical": {
        "network_forwards": 16,
        "loss_backward_calls": 2,
        "adam_calls": 2,
        "jacobian_vjp_calls": 0
      },
      "n_fg": [
        98484,
        182080
      ]
    },
    "R_SCALE": {
      "visits": 2,
      "physical": {
        "network_forwards": 16,
        "loss_backward_calls": 2,
        "adam_calls": 2,
        "jacobian_vjp_calls": 0
      },
      "n_fg": [
        98464,
        182068
      ]
    },
    "R_SHUFFLE": {
      "visits": 2,
      "physical": {
        "network_forwards": 16,
        "loss_backward_calls": 2,
        "adam_calls": 2,
        "jacobian_vjp_calls": 0
      },
      "n_fg": [
        98464,
        182068
      ]
    }
  }
}
