test_A_ambient_1024_basis_and_projection (test_math.MathTests) ... ok
test_A_filter_independent_reference (test_math.MathTests) ... ok
test_A_full_transition_correlations_and_high_noise (test_math.MathTests) ... ok
test_A_predictive_basis_independent_SVD_covariance (test_math.MathTests) ... ok
test_A_tau_square_and_B_first_difference (test_math.MathTests) ... ok
test_B_diagonal_closed_form_and_gradient (test_math.MathTests) ... ok
test_B_dictionary_normalization_spectral_bounds (test_math.MathTests) ... ok
test_B_five_step_reference_temperature_and_monotonicity (test_math.MathTests) ... ok
test_C_IRLS_reference_outliers_and_fixed_steps (test_math.MathTests) ... ok
test_C_calibration_only_variance_parameters (test_math.MathTests) ... ok
test_C_ridge_limit_mean_scaling_and_zero_residual (test_math.MathTests) ... ok
test_C_variance_bounds_constant_geometric_mean (test_math.MathTests) ... ok
test_all_shapes_state_static_and_source_gradients (test_math.MathTests) ... ok
test_invalid_nonfinite_spd_variance (test_math.MathTests) ... ok
test_rank_failures_no_random_padding (test_math.MathTests) ... ok
test_C0_one_forward (test_contract.Contracts) ... ok
test_ablation_lifecycle_and_constant_source (test_contract.Contracts) ... ok
test_batch_and_nonfinite_inputs_hard_fail (test_contract.Contracts) ... ok
test_disabled_real_entries_before_asset_read (test_contract.Contracts) ... ok
test_film_bitwise_and_zero_derivative (test_contract.Contracts) ... ok
test_fixed_fit_and_calibration_limits (test_contract.Contracts) ... ok
test_fixed_published_alias_mapping_metadata_only (test_contract.Contracts) ... ok
test_fresh_output_owner_and_first_error (test_contract.Contracts) ... ok
test_independent_RNG_and_identical_full_static_initialization (test_contract.Contracts) ... ok
test_matrix_bounds_source_pending_no_receipts (test_contract.Contracts) ... ok
test_no_commit_on_second_forward_failure_and_no_retry (test_contract.Contracts) ... ok
test_observer_shapes_current_BN_and_cache_release (test_contract.Contracts) ... ok
test_online_two_forward_no_autograd_and_current_only (test_contract.Contracts) ... ok
test_oracle_16_combined_steps_support_only (test_contract.Contracts) ... ok
test_reused_reader_rejects_symlink_hardlink_escape (test_contract.Contracts) ... ok
test_same_appearance_only_B_difference_not_raw_image (test_contract.Contracts) ... ok
test_saved_assets_inference_binding_and_eta (test_contract.Contracts) ... ok
test_scaler_is_fit_only_and_no_online_running_change (test_contract.Contracts) ... ok
test_scientific_review_paired_tails_and_ASSD_denominators (test_contract.Contracts) ... ok
test_source_constant_R_all_cal_observations_only (test_contract.Contracts) ... ok
test_source_destination_overlap_denied_before_any_write (test_contract.Contracts) ... ok
test_source_first_failure_is_terminal (test_contract.Contracts) ... ok
test_source_fit_static_and_calibration_freeze (test_contract.Contracts) ... ok
test_source_query_labels_change_loss_not_support_state (test_contract.Contracts) ... ok
test_source_query_pixel_cannot_update_episode_state (test_contract.Contracts) ... ok
test_split_overlap_oracle_fit_only_and_roles (test_contract.Contracts) ... ok
test_state_corruption_binding_rejected (test_contract.Contracts) ... ok
test_state_restore_next_output_and_GT_future_independence (test_contract.Contracts) ... ok
test_styles_identity_fold_factors_and_local_noise (test_contract.Contracts) ... ok
test_ablation_explicit_trusted_derivation_and_restore_mismatch (test_context.ContextTests) ... ok
test_actual_prepare_pipeline_emits_six_bound_packages_with_mocked_training (test_context.ContextTests) ... ok
test_all_groups_and_C0_cross_instance_restore_and_next_output (test_context.ContextTests) ... ok
test_all_groups_and_C0_head_encoder_projection_reject_both_load_paths (test_context.ContextTests) ... ok
test_all_groups_and_C0_legacy_incomplete_packages_rejected (test_context.ContextTests) ... ok
test_full_random_ResUNet_origin_compatibility_and_rejection (test_context.ContextTests) ... R7_CONTEXT_FULL_RANDOM {"model_parameters": 22554570, "counts": {"cholesky_solves": 9, "spectral_norms": 3, "appearance_MLP": 3, "method_MLP": 3, "backbone_forwards": 6}, "hash_cost": {"tensor_digest_calls": 12, "tensor_bytes": 541702896, "wall_ns": 414187056, "cpu_ns": 425093010, "context_build_calls": 6, "context_wall_ns": 429999699, "context_cpu_ns": 444801361}, "same_bytes_cross_instance": true, "changed_encoder_rejected": true}
ok
test_method_group_static_basis_scaler_calibration_mismatches (test_context.ContextTests) ... ok
test_mutation_guard_no_per_visit_tensor_hash_and_boundary_rehash (test_context.ContextTests) ... ok
test_policy_and_actual_BN_configuration_rejected_before_forward (test_context.ContextTests) ... ok
test_prepared_artifact_records_original_environment_and_rejects_drift (test_context.ContextTests) ... ok
test_tampered_or_wrong_source_spec_context_rejected (test_context.ContextTests) ... ok
test_tensor_canonical_names_shape_dtype_layout_and_no_address (test_context.ContextTests) ... ok

----------------------------------------------------------------------
Ran 56 tests in 19.845s

OK
R7_CPU_RESULT {"GPU_queries_or_initializations": 0, "context_hash_cost": {"context_build_calls": 195, "context_cpu_ns": 883904590, "context_wall_ns": 823101790, "cpu_ns": 647251039, "tensor_bytes": 617764442, "tensor_digest_calls": 399, "wall_ns": 522307558}, "cpu_system_seconds": 3.9905170000000005, "cpu_user_seconds": 27.109458, "errors": 0, "exit_code": 0, "external_review": "NOT_RUN", "failures": 0, "peak_RSS": 1049300, "peak_RSS_unit": "KiB", "physical_calls": {"AdamW_step": 3, "Adam_step": 19, "Tensor_backward": 28, "autograd_grad": 0, "old_backbone_forwards": 0}, "platform": "Linux x86_64", "procedural_counts": {"IRLS_iterations": 75, "ISTA_iterations": 190, "appearance_MLP": 349, "backbone_forwards": 416, "calibration_Adam": 3, "calibration_backward_calls": 3, "cholesky_solves": 196, "eigh": 4, "method_MLP": 891, "source_Adam": 16, "source_AdamW": 3, "source_backward_calls": 19, "spectral_norms": 141, "svd": 1}, "python": "3.10.6", "real_asset_reads": 0, "skipped": 0, "tests": 56, "torch": "2.2.1+cu121", "wall_seconds": 20.594258539145812}
