test_01_full_grid_edge_count (test_boundary_graph.BoundaryGraphTests.test_01_full_grid_edge_count) ... ok
test_02_no_artificial_contour_on_uniform_mask (test_boundary_graph.BoundaryGraphTests.test_02_no_artificial_contour_on_uniform_mask) ... ok
test_03_anchors_need_confidence_and_six_view_agreement (test_boundary_graph.BoundaryGraphTests.test_03_anchors_need_confidence_and_six_view_agreement) ... ok
test_04_control_weight_sums_multisets_and_rng (test_boundary_graph.BoundaryGraphTests.test_04_control_weight_sums_multisets_and_rng) ... ok
test_05_dense_system_equivalence_and_anchor_identity (test_boundary_graph.BoundaryGraphTests.test_05_dense_system_equivalence_and_anchor_identity) ... ok
test_06_probability_range_contraction_and_residual (test_boundary_graph.BoundaryGraphTests.test_06_probability_range_contraction_and_residual) ... ok
test_07_lambda_zero_and_empty_free_exact_identity (test_boundary_graph.BoundaryGraphTests.test_07_lambda_zero_and_empty_free_exact_identity) ... ok
test_08_lifted_support_and_reliable_nodes_exact (test_boundary_graph.BoundaryGraphTests.test_08_lifted_support_and_reliable_nodes_exact) ... ok
test_09_unchanged_inputs_and_detached_output (test_boundary_graph.BoundaryGraphTests.test_09_unchanged_inputs_and_detached_output) ... ok
test_10_global_free_superset_and_three_local_controls_share_masks (test_boundary_graph.BoundaryGraphTests.test_10_global_free_superset_and_three_local_controls_share_masks) ... ok
test_11_uniform_confident_q_returns_original (test_boundary_graph.BoundaryGraphTests.test_11_uniform_confident_q_returns_original) ... ok
test_12_uniform_ambiguous_q_is_well_defined (test_boundary_graph.BoundaryGraphTests.test_12_uniform_ambiguous_q_is_well_defined) ... ok
test_13_rgb_contrast_reduces_cross_edge_weight (test_boundary_graph.BoundaryGraphTests.test_13_rgb_contrast_reduces_cross_edge_weight) ... ok
test_14_invalid_inputs_rejected (test_boundary_graph.BoundaryGraphTests.test_14_invalid_inputs_rejected) ... ok
test_15_full_production_shape_without_network (test_boundary_graph.BoundaryGraphTests.test_15_full_production_shape_without_network) ... ok
test_budget_and_one_to_three_device_totals (test_plan.PlanTests.test_budget_and_one_to_three_device_totals) ... ok
test_inherited_ten_arms_and_algorithm_blocks (test_plan.PlanTests.test_inherited_ten_arms_and_algorithm_blocks) ... ok
test_all_modes_zero_initialization_exact_and_rng_unchanged (test_reference.MathChecks.test_all_modes_zero_initialization_exact_and_rng_unchanged) ... ok
test_cayley_orthogonality_and_identity_derivative (test_reference.MathChecks.test_cayley_orthogonality_and_identity_derivative) ... ok
test_dc_decomposition (test_reference.MathChecks.test_dc_decomposition) ... ok
test_free_preserves_detail_not_angular_structure (test_reference.MathChecks.test_free_preserves_detail_not_angular_structure) ... ok
test_gradients_finite_difference (test_reference.MathChecks.test_gradients_finite_difference) ... ok
test_kall_changes_detail_preserves_full_filter_angles (test_reference.MathChecks.test_kall_changes_detail_preserves_full_filter_angles) ... ok
test_kdg_preserves_detail_and_dc_angles (test_reference.MathChecks.test_kdg_preserves_detail_and_dc_angles) ... ok
test_local_zero_mean_perturbation_response (test_reference.MathChecks.test_local_zero_mean_perturbation_response) ... ok
test_matrix_and_smoke_budgets (test_reference.MathChecks.test_matrix_and_smoke_budgets) ... ERROR
test_original_weights_immutable_after_adam (test_reference.MathChecks.test_original_weights_immutable_after_adam) ... ok
test_pinned_parameter_budgets (test_reference.MathChecks.test_pinned_parameter_budgets) ... ok
test_zero_dc_rows_finite_and_cannot_invent_signal (test_reference.MathChecks.test_zero_dc_rows_finite_and_cannot_invent_signal) ... ok

======================================================================
ERROR: test_matrix_and_smoke_budgets (test_reference.MathChecks.test_matrix_and_smoke_budgets)
----------------------------------------------------------------------
Traceback (most recent call last):
  File "/mnt/data/CTTA_R4T_THREE_TRACK_PLAN/reference/test_reference.py", line 109, in test_matrix_and_smoke_budgets
    c=json.loads(path.read_text());arms=c['arms'];n=1951;streams=5
                 ~~~~~~~~~~~~~~^^
  File "/usr/lib/python3.13/pathlib/_local.py", line 548, in read_text
    return PathBase.read_text(self, encoding, errors, newline)
           ~~~~~~~~~~~~~~~~~~^^^^^^^^^^^^^^^^^^^^^^^^^^^^^^^^^
  File "/usr/lib/python3.13/pathlib/_abc.py", line 632, in read_text
    with self.open(mode='r', encoding=encoding, errors=errors, newline=newline) as f:
         ~~~~~~~~~^^^^^^^^^^^^^^^^^^^^^^^^^^^^^^^^^^^^^^^^^^^^^^^^^^^^^^^^^^^^^
  File "/usr/lib/python3.13/pathlib/_local.py", line 539, in open
    return io.open(self, mode, buffering, encoding, errors, newline)
           ~~~~~~~^^^^^^^^^^^^^^^^^^^^^^^^^^^^^^^^^^^^^^^^^^^^^^^^^^
FileNotFoundError: [Errno 2] No such file or directory: '/mnt/data/CTTA_R4T_THREE_TRACK_PLAN/R4D_SCIENCE_PROPOSAL.json'

----------------------------------------------------------------------
Ran 29 tests in 1.178s

FAILED (errors=1)
