PASS o0a0 C records=1951 counters=matched
PASS o0a1 RP records=1951 counters=matched
PASS o0a2 T_LR records=1951 counters=matched
PASS o0a3 T_ISO records=1951 counters=matched
PASS o0a5 U_PCA records=1951 counters=matched
PASS o0a4 T_DIAG records=1951 counters=matched
PASS o0a6 U_RAND records=1951 counters=matched
PASS o0a7 U_SCALE records=1951 counters=matched
PASS o0a8 S_JOINT records=1951 counters=matched
PASS o0a9 S_SHARED records=1951 counters=matched
PASS o0a10 S_NOPCA records=1951 counters=matched
PASS o0a11 M_TRANSPORT records=1951 counters=matched
PASS o0a12 M_IDPOST records=1951 counters=matched
PASS o0a13 M_SHUFFLE records=1951 counters=matched
PASS o0a14 G_PCA records=1951 counters=matched
PASS o0a15 G_ISO records=1951 counters=matched
PASS o0a16 G_ORDER records=1951 counters=matched
PASS o1a0 C records=1951 counters=matched
PASS o1a1 RP records=1951 counters=matched
PASS o1a2 T_LR records=1951 counters=matched
PASS o1a3 T_ISO records=1951 counters=matched
PASS o1a4 T_DIAG records=1951 counters=matched
PASS o1a5 U_PCA records=1951 counters=matched
PASS o1a6 U_RAND records=1951 counters=matched
PASS o1a7 U_SCALE records=1951 counters=matched
PASS o1a8 S_JOINT records=1951 counters=matched
PASS o1a10 S_NOPCA records=1951 counters=matched
PASS o1a9 S_SHARED records=1951 counters=matched
PASS o1a12 M_IDPOST records=1951 counters=matched
PASS o1a11 M_TRANSPORT records=1951 counters=matched
PASS o1a14 G_PCA records=1951 counters=matched
PASS o1a13 M_SHUFFLE records=1951 counters=matched
PASS o1a16 G_ORDER records=1951 counters=matched
PASS o1a15 G_ISO records=1951 counters=matched
PASS o2a1 RP records=1951 counters=matched
PASS o2a0 C records=1951 counters=matched
PASS o2a3 T_ISO records=1951 counters=matched
PASS o2a2 T_LR records=1951 counters=matched
PASS o2a5 U_PCA records=1951 counters=matched
PASS o2a4 T_DIAG records=1951 counters=matched
PASS o2a7 U_SCALE records=1951 counters=matched
PASS o2a6 U_RAND records=1951 counters=matched
PASS o2a9 S_SHARED records=1951 counters=matched
PASS o2a8 S_JOINT records=1951 counters=matched
PASS o2a11 M_TRANSPORT records=1951 counters=matched
PASS o2a10 S_NOPCA records=1951 counters=matched
PASS o2a13 M_SHUFFLE records=1951 counters=matched
PASS o2a12 M_IDPOST records=1951 counters=matched
PASS o2a15 G_ISO records=1951 counters=matched
PASS o2a14 G_PCA records=1951 counters=matched
PASS o3a0 C records=1951 counters=matched
PASS o2a16 G_ORDER records=1951 counters=matched
PASS o3a2 T_LR records=1951 counters=matched
PASS o3a1 RP records=1951 counters=matched
PASS o3a4 T_DIAG records=1951 counters=matched
PASS o3a3 T_ISO records=1951 counters=matched
PASS o3a6 U_RAND records=1951 counters=matched
PASS o3a5 U_PCA records=1951 counters=matched
PASS o3a8 S_JOINT records=1951 counters=matched
PASS o3a7 U_SCALE records=1951 counters=matched
PASS o3a10 S_NOPCA records=1951 counters=matched
PASS o3a9 S_SHARED records=1951 counters=matched
PASS o3a12 M_IDPOST records=1951 counters=matched
PASS o3a11 M_TRANSPORT records=1951 counters=matched
PASS o3a14 G_PCA records=1951 counters=matched
PASS o3a13 M_SHUFFLE records=1951 counters=matched
PASS o3a16 G_ORDER records=1951 counters=matched
PASS o3a15 G_ISO records=1951 counters=matched
PASS o4a1 RP records=1951 counters=matched
PASS o4a0 C records=1951 counters=matched
PASS o4a3 T_ISO records=1951 counters=matched
PASS o4a2 T_LR records=1951 counters=matched
PASS o4a5 U_PCA records=1951 counters=matched
PASS o4a4 T_DIAG records=1951 counters=matched
PASS o4a7 U_SCALE records=1951 counters=matched
PASS o4a6 U_RAND records=1951 counters=matched
PASS o4a9 S_SHARED records=1951 counters=matched
PASS o4a8 S_JOINT records=1951 counters=matched
PASS o4a11 M_TRANSPORT records=1951 counters=matched
PASS o4a10 S_NOPCA records=1951 counters=matched
PASS o4a13 M_SHUFFLE records=1951 counters=matched
PASS o4a12 M_IDPOST records=1951 counters=matched
PASS o4a15 G_ISO records=1951 counters=matched
PASS o4a14 G_PCA records=1951 counters=matched
PASS o4a16 G_ORDER records=1951 counters=matched
PASS 85 trajectories; 165835 records; 87 zero exits; all physical counters match.
CPU-only stdlib export; no torch import, target assets, checkpoints or per-content export.
